app/(auth)/login.tsx(13,24): error TS1149: File name 'C:/Users/Elcin Erdemir/Desktop/KOAH/gestacare/constants/colors.ts' differs from already included file name 'C:/Users/Elcin Erdemir/Desktop/KOAH/gestacare/constants/Colors.ts' only in casing.
  The file is in the program because:
    Matched by include pattern '**/*.ts' in 'C:/Users/Elcin Erdemir/Desktop/KOAH/gestacare/tsconfig.json'
    Imported via './colors' from file 'C:/Users/Elcin Erdemir/Desktop/KOAH/gestacare/constants/theme.ts'
    Imported via '../constants/colors' from file 'C:/Users/Elcin Erdemir/Desktop/KOAH/gestacare/app/_layout.tsx'
    Imported via '../../constants/colors' from file 'C:/Users/Elcin Erdemir/Desktop/KOAH/gestacare/app/(auth)/login.tsx'
    Imported via '../../constants/colors' from file 'C:/Users/Elcin Erdemir/Desktop/KOAH/gestacare/components/ui/Input.tsx'
    Imported via '../../constants/colors' from file 'C:/Users/Elcin Erdemir/Desktop/KOAH/gestacare/components/ui/Button.tsx'
    Imported via '../../constants/colors' from file 'C:/Users/Elcin Erdemir/Desktop/KOAH/gestacare/components/ui/Card.tsx'
    Imported via '../../constants/colors' from file 'C:/Users/Elcin Erdemir/Desktop/KOAH/gestacare/app/(tabs)/_layout.tsx'
    Imported via '../../constants/colors' from file 'C:/Users/Elcin Erdemir/Desktop/KOAH/gestacare/app/(tabs)/forms.tsx'
    Imported via '../../constants/colors' from file 'C:/Users/Elcin Erdemir/Desktop/KOAH/gestacare/app/(tabs)/goals.tsx'
    Imported via '../../constants/colors' from file 'C:/Users/Elcin Erdemir/Desktop/KOAH/gestacare/app/(tabs)/index.tsx'
    Imported via '../../constants/colors' from file 'C:/Users/Elcin Erdemir/Desktop/KOAH/gestacare/app/(tabs)/notifications.tsx'
    Imported via '../../constants/colors' from file 'C:/Users/Elcin Erdemir/Desktop/KOAH/gestacare/app/(tabs)/profile.tsx'
    Imported via '../../constants/colors' from file 'C:/Users/Elcin Erdemir/Desktop/KOAH/gestacare/app/activities/add.tsx'
    Imported via '../../constants/colors' from file 'C:/Users/Elcin Erdemir/Desktop/KOAH/gestacare/app/activities/index.tsx'
    Imported via '../../constants/colors' from file 'C:/Users/Elcin Erdemir/Desktop/KOAH/gestacare/components/ui/Badge.tsx'
    Imported via '../../constants/colors' from file 'C:/Users/Elcin Erdemir/Desktop/KOAH/gestacare/components/shared/EmptyState.tsx'
    Imported via '../../constants/colors' from file 'C:/Users/Elcin Erdemir/Desktop/KOAH/gestacare/app/blood-sugar/add.tsx'
    Imported via '../../constants/colors' from file 'C:/Users/Elcin Erdemir/Desktop/KOAH/gestacare/components/ui/Modal.tsx'
    Imported via '../../constants/colors' from file 'C:/Users/Elcin Erdemir/Desktop/KOAH/gestacare/components/shared/WarningModal.tsx'
    Imported via '../../constants/colors' from file 'C:/Users/Elcin Erdemir/Desktop/KOAH/gestacare/app/blood-sugar/index.tsx'
    Imported via '../../constants/colors' from file 'C:/Users/Elcin Erdemir/Desktop/KOAH/gestacare/app/education/index.tsx'
    Imported via '../../constants/colors' from file 'C:/Users/Elcin Erdemir/Desktop/KOAH/gestacare/app/faq/index.tsx'
    Imported via '../../constants/colors' from file 'C:/Users/Elcin Erdemir/Desktop/KOAH/gestacare/app/nutrition/add.tsx'
    Imported via '../../constants/colors' from file 'C:/Users/Elcin Erdemir/Desktop/KOAH/gestacare/components/ui/ProgressBar.tsx'
    Imported via '../../constants/colors' from file 'C:/Users/Elcin Erdemir/Desktop/KOAH/gestacare/app/nutrition/index.tsx'
    Imported via '../../constants/colors' from file 'C:/Users/Elcin Erdemir/Desktop/KOAH/gestacare/app/survey/index.tsx'
    Imported via '../../constants/colors' from file 'C:/Users/Elcin Erdemir/Desktop/KOAH/gestacare/components/shared/LoadingSpinner.tsx'
app/(auth)/login.tsx(46,17): error TS2769: No overload matches this call.
  Overload 1 of 2, '(props: LinearGradientProps): LinearGradient', gave the following error.
    Type 'string[]' is not assignable to type 'readonly [ColorValue, ColorValue, ...ColorValue[]]'.
      Source provides no match for required element at position 0 in target.
  Overload 2 of 2, '(props: LinearGradientProps, context: any): LinearGradient', gave the following error.
    Type 'string[]' is not assignable to type 'readonly [ColorValue, ColorValue, ...ColorValue[]]'.
      Source provides no match for required element at position 0 in target.
app/(tabs)/_layout.tsx(4,24): error TS1149: File name 'C:/Users/Elcin Erdemir/Desktop/KOAH/gestacare/constants/colors.ts' differs from already included file name 'C:/Users/Elcin Erdemir/Desktop/KOAH/gestacare/constants/Colors.ts' only in casing.
  The file is in the program because:
    Matched by include pattern '**/*.ts' in 'C:/Users/Elcin Erdemir/Desktop/KOAH/gestacare/tsconfig.json'
    Imported via './colors' from file 'C:/Users/Elcin Erdemir/Desktop/KOAH/gestacare/constants/theme.ts'
    Imported via '../constants/colors' from file 'C:/Users/Elcin Erdemir/Desktop/KOAH/gestacare/app/_layout.tsx'
    Imported via '../../constants/colors' from file 'C:/Users/Elcin Erdemir/Desktop/KOAH/gestacare/app/(auth)/login.tsx'
    Imported via '../../constants/colors' from file 'C:/Users/Elcin Erdemir/Desktop/KOAH/gestacare/components/ui/Input.tsx'
    Imported via '../../constants/colors' from file 'C:/Users/Elcin Erdemir/Desktop/KOAH/gestacare/components/ui/Button.tsx'
    Imported via '../../constants/colors' from file 'C:/Users/Elcin Erdemir/Desktop/KOAH/gestacare/components/ui/Card.tsx'
    Imported via '../../constants/colors' from file 'C:/Users/Elcin Erdemir/Desktop/KOAH/gestacare/app/(tabs)/_layout.tsx'
    Imported via '../../constants/colors' from file 'C:/Users/Elcin Erdemir/Desktop/KOAH/gestacare/app/(tabs)/forms.tsx'
    Imported via '../../constants/colors' from file 'C:/Users/Elcin Erdemir/Desktop/KOAH/gestacare/app/(tabs)/goals.tsx'
    Imported via '../../constants/colors' from file 'C:/Users/Elcin Erdemir/Desktop/KOAH/gestacare/app/(tabs)/index.tsx'
    Imported via '../../constants/colors' from file 'C:/Users/Elcin Erdemir/Desktop/KOAH/gestacare/app/(tabs)/notifications.tsx'
    Imported via '../../constants/colors' from file 'C:/Users/Elcin Erdemir/Desktop/KOAH/gestacare/app/(tabs)/profile.tsx'
    Imported via '../../constants/colors' from file 'C:/Users/Elcin Erdemir/Desktop/KOAH/gestacare/app/activities/add.tsx'
    Imported via '../../constants/colors' from file 'C:/Users/Elcin Erdemir/Desktop/KOAH/gestacare/app/activities/index.tsx'
    Imported via '../../constants/colors' from file 'C:/Users/Elcin Erdemir/Desktop/KOAH/gestacare/components/ui/Badge.tsx'
    Imported via '../../constants/colors' from file 'C:/Users/Elcin Erdemir/Desktop/KOAH/gestacare/components/shared/EmptyState.tsx'
    Imported via '../../constants/colors' from file 'C:/Users/Elcin Erdemir/Desktop/KOAH/gestacare/app/blood-sugar/add.tsx'
    Imported via '../../constants/colors' from file 'C:/Users/Elcin Erdemir/Desktop/KOAH/gestacare/components/ui/Modal.tsx'
    Imported via '../../constants/colors' from file 'C:/Users/Elcin Erdemir/Desktop/KOAH/gestacare/components/shared/WarningModal.tsx'
    Imported via '../../constants/colors' from file 'C:/Users/Elcin Erdemir/Desktop/KOAH/gestacare/app/blood-sugar/index.tsx'
    Imported via '../../constants/colors' from file 'C:/Users/Elcin Erdemir/Desktop/KOAH/gestacare/app/education/index.tsx'
    Imported via '../../constants/colors' from file 'C:/Users/Elcin Erdemir/Desktop/KOAH/gestacare/app/faq/index.tsx'
    Imported via '../../constants/colors' from file 'C:/Users/Elcin Erdemir/Desktop/KOAH/gestacare/app/nutrition/add.tsx'
    Imported via '../../constants/colors' from file 'C:/Users/Elcin Erdemir/Desktop/KOAH/gestacare/components/ui/ProgressBar.tsx'
    Imported via '../../constants/colors' from file 'C:/Users/Elcin Erdemir/Desktop/KOAH/gestacare/app/nutrition/index.tsx'
    Imported via '../../constants/colors' from file 'C:/Users/Elcin Erdemir/Desktop/KOAH/gestacare/app/survey/index.tsx'
    Imported via '../../constants/colors' from file 'C:/Users/Elcin Erdemir/Desktop/KOAH/gestacare/components/shared/LoadingSpinner.tsx'
app/(tabs)/forms.tsx(11,24): error TS1149: File name 'C:/Users/Elcin Erdemir/Desktop/KOAH/gestacare/constants/colors.ts' differs from already included file name 'C:/Users/Elcin Erdemir/Desktop/KOAH/gestacare/constants/Colors.ts' only in casing.
  The file is in the program because:
    Matched by include pattern '**/*.ts' in 'C:/Users/Elcin Erdemir/Desktop/KOAH/gestacare/tsconfig.json'
    Imported via './colors' from file 'C:/Users/Elcin Erdemir/Desktop/KOAH/gestacare/constants/theme.ts'
    Imported via '../constants/colors' from file 'C:/Users/Elcin Erdemir/Desktop/KOAH/gestacare/app/_layout.tsx'
    Imported via '../../constants/colors' from file 'C:/Users/Elcin Erdemir/Desktop/KOAH/gestacare/app/(auth)/login.tsx'
    Imported via '../../constants/colors' from file 'C:/Users/Elcin Erdemir/Desktop/KOAH/gestacare/components/ui/Input.tsx'
    Imported via '../../constants/colors' from file 'C:/Users/Elcin Erdemir/Desktop/KOAH/gestacare/components/ui/Button.tsx'
    Imported via '../../constants/colors' from file 'C:/Users/Elcin Erdemir/Desktop/KOAH/gestacare/components/ui/Card.tsx'
    Imported via '../../constants/colors' from file 'C:/Users/Elcin Erdemir/Desktop/KOAH/gestacare/app/(tabs)/_layout.tsx'
    Imported via '../../constants/colors' from file 'C:/Users/Elcin Erdemir/Desktop/KOAH/gestacare/app/(tabs)/forms.tsx'
    Imported via '../../constants/colors' from file 'C:/Users/Elcin Erdemir/Desktop/KOAH/gestacare/app/(tabs)/goals.tsx'
    Imported via '../../constants/colors' from file 'C:/Users/Elcin Erdemir/Desktop/KOAH/gestacare/app/(tabs)/index.tsx'
    Imported via '../../constants/colors' from file 'C:/Users/Elcin Erdemir/Desktop/KOAH/gestacare/app/(tabs)/notifications.tsx'
    Imported via '../../constants/colors' from file 'C:/Users/Elcin Erdemir/Desktop/KOAH/gestacare/app/(tabs)/profile.tsx'
    Imported via '../../constants/colors' from file 'C:/Users/Elcin Erdemir/Desktop/KOAH/gestacare/app/activities/add.tsx'
    Imported via '../../constants/colors' from file 'C:/Users/Elcin Erdemir/Desktop/KOAH/gestacare/app/activities/index.tsx'
    Imported via '../../constants/colors' from file 'C:/Users/Elcin Erdemir/Desktop/KOAH/gestacare/components/ui/Badge.tsx'
    Imported via '../../constants/colors' from file 'C:/Users/Elcin Erdemir/Desktop/KOAH/gestacare/components/shared/EmptyState.tsx'
    Imported via '../../constants/colors' from file 'C:/Users/Elcin Erdemir/Desktop/KOAH/gestacare/app/blood-sugar/add.tsx'
    Imported via '../../constants/colors' from file 'C:/Users/Elcin Erdemir/Desktop/KOAH/gestacare/components/ui/Modal.tsx'
    Imported via '../../constants/colors' from file 'C:/Users/Elcin Erdemir/Desktop/KOAH/gestacare/components/shared/WarningModal.tsx'
    Imported via '../../constants/colors' from file 'C:/Users/Elcin Erdemir/Desktop/KOAH/gestacare/app/blood-sugar/index.tsx'
    Imported via '../../constants/colors' from file 'C:/Users/Elcin Erdemir/Desktop/KOAH/gestacare/app/education/index.tsx'
    Imported via '../../constants/colors' from file 'C:/Users/Elcin Erdemir/Desktop/KOAH/gestacare/app/faq/index.tsx'
    Imported via '../../constants/colors' from file 'C:/Users/Elcin Erdemir/Desktop/KOAH/gestacare/app/nutrition/add.tsx'
    Imported via '../../constants/colors' from file 'C:/Users/Elcin Erdemir/Desktop/KOAH/gestacare/components/ui/ProgressBar.tsx'
    Imported via '../../constants/colors' from file 'C:/Users/Elcin Erdemir/Desktop/KOAH/gestacare/app/nutrition/index.tsx'
    Imported via '../../constants/colors' from file 'C:/Users/Elcin Erdemir/Desktop/KOAH/gestacare/app/survey/index.tsx'
    Imported via '../../constants/colors' from file 'C:/Users/Elcin Erdemir/Desktop/KOAH/gestacare/components/shared/LoadingSpinner.tsx'
app/(tabs)/goals.tsx(9,24): error TS1149: File name 'C:/Users/Elcin Erdemir/Desktop/KOAH/gestacare/constants/colors.ts' differs from already included file name 'C:/Users/Elcin Erdemir/Desktop/KOAH/gestacare/constants/Colors.ts' only in casing.
  The file is in the program because:
    Matched by include pattern '**/*.ts' in 'C:/Users/Elcin Erdemir/Desktop/KOAH/gestacare/tsconfig.json'
    Imported via './colors' from file 'C:/Users/Elcin Erdemir/Desktop/KOAH/gestacare/constants/theme.ts'
    Imported via '../constants/colors' from file 'C:/Users/Elcin Erdemir/Desktop/KOAH/gestacare/app/_layout.tsx'
    Imported via '../../constants/colors' from file 'C:/Users/Elcin Erdemir/Desktop/KOAH/gestacare/app/(auth)/login.tsx'
    Imported via '../../constants/colors' from file 'C:/Users/Elcin Erdemir/Desktop/KOAH/gestacare/components/ui/Input.tsx'
    Imported via '../../constants/colors' from file 'C:/Users/Elcin Erdemir/Desktop/KOAH/gestacare/components/ui/Button.tsx'
    Imported via '../../constants/colors' from file 'C:/Users/Elcin Erdemir/Desktop/KOAH/gestacare/components/ui/Card.tsx'
    Imported via '../../constants/colors' from file 'C:/Users/Elcin Erdemir/Desktop/KOAH/gestacare/app/(tabs)/_layout.tsx'
    Imported via '../../constants/colors' from file 'C:/Users/Elcin Erdemir/Desktop/KOAH/gestacare/app/(tabs)/forms.tsx'
    Imported via '../../constants/colors' from file 'C:/Users/Elcin Erdemir/Desktop/KOAH/gestacare/app/(tabs)/goals.tsx'
    Imported via '../../constants/colors' from file 'C:/Users/Elcin Erdemir/Desktop/KOAH/gestacare/app/(tabs)/index.tsx'
    Imported via '../../constants/colors' from file 'C:/Users/Elcin Erdemir/Desktop/KOAH/gestacare/app/(tabs)/notifications.tsx'
    Imported via '../../constants/colors' from file 'C:/Users/Elcin Erdemir/Desktop/KOAH/gestacare/app/(tabs)/profile.tsx'
    Imported via '../../constants/colors' from file 'C:/Users/Elcin Erdemir/Desktop/KOAH/gestacare/app/activities/add.tsx'
    Imported via '../../constants/colors' from file 'C:/Users/Elcin Erdemir/Desktop/KOAH/gestacare/app/activities/index.tsx'
    Imported via '../../constants/colors' from file 'C:/Users/Elcin Erdemir/Desktop/KOAH/gestacare/components/ui/Badge.tsx'
    Imported via '../../constants/colors' from file 'C:/Users/Elcin Erdemir/Desktop/KOAH/gestacare/components/shared/EmptyState.tsx'
    Imported via '../../constants/colors' from file 'C:/Users/Elcin Erdemir/Desktop/KOAH/gestacare/app/blood-sugar/add.tsx'
    Imported via '../../constants/colors' from file 'C:/Users/Elcin Erdemir/Desktop/KOAH/gestacare/components/ui/Modal.tsx'
    Imported via '../../constants/colors' from file 'C:/Users/Elcin Erdemir/Desktop/KOAH/gestacare/components/shared/WarningModal.tsx'
    Imported via '../../constants/colors' from file 'C:/Users/Elcin Erdemir/Desktop/KOAH/gestacare/app/blood-sugar/index.tsx'
    Imported via '../../constants/colors' from file 'C:/Users/Elcin Erdemir/Desktop/KOAH/gestacare/app/education/index.tsx'
    Imported via '../../constants/colors' from file 'C:/Users/Elcin Erdemir/Desktop/KOAH/gestacare/app/faq/index.tsx'
    Imported via '../../constants/colors' from file 'C:/Users/Elcin Erdemir/Desktop/KOAH/gestacare/app/nutrition/add.tsx'
    Imported via '../../constants/colors' from file 'C:/Users/Elcin Erdemir/Desktop/KOAH/gestacare/components/ui/ProgressBar.tsx'
    Imported via '../../constants/colors' from file 'C:/Users/Elcin Erdemir/Desktop/KOAH/gestacare/app/nutrition/index.tsx'
    Imported via '../../constants/colors' from file 'C:/Users/Elcin Erdemir/Desktop/KOAH/gestacare/app/survey/index.tsx'
    Imported via '../../constants/colors' from file 'C:/Users/Elcin Erdemir/Desktop/KOAH/gestacare/components/shared/LoadingSpinner.tsx'
app/(tabs)/index.tsx(14,24): error TS1149: File name 'C:/Users/Elcin Erdemir/Desktop/KOAH/gestacare/constants/colors.ts' differs from already included file name 'C:/Users/Elcin Erdemir/Desktop/KOAH/gestacare/constants/Colors.ts' only in casing.
  The file is in the program because:
    Matched by include pattern '**/*.ts' in 'C:/Users/Elcin Erdemir/Desktop/KOAH/gestacare/tsconfig.json'
    Imported via './colors' from file 'C:/Users/Elcin Erdemir/Desktop/KOAH/gestacare/constants/theme.ts'
    Imported via '../constants/colors' from file 'C:/Users/Elcin Erdemir/Desktop/KOAH/gestacare/app/_layout.tsx'
    Imported via '../../constants/colors' from file 'C:/Users/Elcin Erdemir/Desktop/KOAH/gestacare/app/(auth)/login.tsx'
    Imported via '../../constants/colors' from file 'C:/Users/Elcin Erdemir/Desktop/KOAH/gestacare/components/ui/Input.tsx'
    Imported via '../../constants/colors' from file 'C:/Users/Elcin Erdemir/Desktop/KOAH/gestacare/components/ui/Button.tsx'
    Imported via '../../constants/colors' from file 'C:/Users/Elcin Erdemir/Desktop/KOAH/gestacare/components/ui/Card.tsx'
    Imported via '../../constants/colors' from file 'C:/Users/Elcin Erdemir/Desktop/KOAH/gestacare/app/(tabs)/_layout.tsx'
    Imported via '../../constants/colors' from file 'C:/Users/Elcin Erdemir/Desktop/KOAH/gestacare/app/(tabs)/forms.tsx'
    Imported via '../../constants/colors' from file 'C:/Users/Elcin Erdemir/Desktop/KOAH/gestacare/app/(tabs)/goals.tsx'
    Imported via '../../constants/colors' from file 'C:/Users/Elcin Erdemir/Desktop/KOAH/gestacare/app/(tabs)/index.tsx'
    Imported via '../../constants/colors' from file 'C:/Users/Elcin Erdemir/Desktop/KOAH/gestacare/app/(tabs)/notifications.tsx'
    Imported via '../../constants/colors' from file 'C:/Users/Elcin Erdemir/Desktop/KOAH/gestacare/app/(tabs)/profile.tsx'
    Imported via '../../constants/colors' from file 'C:/Users/Elcin Erdemir/Desktop/KOAH/gestacare/app/activities/add.tsx'
    Imported via '../../constants/colors' from file 'C:/Users/Elcin Erdemir/Desktop/KOAH/gestacare/app/activities/index.tsx'
    Imported via '../../constants/colors' from file 'C:/Users/Elcin Erdemir/Desktop/KOAH/gestacare/components/ui/Badge.tsx'
    Imported via '../../constants/colors' from file 'C:/Users/Elcin Erdemir/Desktop/KOAH/gestacare/components/shared/EmptyState.tsx'
    Imported via '../../constants/colors' from file 'C:/Users/Elcin Erdemir/Desktop/KOAH/gestacare/app/blood-sugar/add.tsx'
    Imported via '../../constants/colors' from file 'C:/Users/Elcin Erdemir/Desktop/KOAH/gestacare/components/ui/Modal.tsx'
    Imported via '../../constants/colors' from file 'C:/Users/Elcin Erdemir/Desktop/KOAH/gestacare/components/shared/WarningModal.tsx'
    Imported via '../../constants/colors' from file 'C:/Users/Elcin Erdemir/Desktop/KOAH/gestacare/app/blood-sugar/index.tsx'
    Imported via '../../constants/colors' from file 'C:/Users/Elcin Erdemir/Desktop/KOAH/gestacare/app/education/index.tsx'
    Imported via '../../constants/colors' from file 'C:/Users/Elcin Erdemir/Desktop/KOAH/gestacare/app/faq/index.tsx'
    Imported via '../../constants/colors' from file 'C:/Users/Elcin Erdemir/Desktop/KOAH/gestacare/app/nutrition/add.tsx'
    Imported via '../../constants/colors' from file 'C:/Users/Elcin Erdemir/Desktop/KOAH/gestacare/components/ui/ProgressBar.tsx'
    Imported via '../../constants/colors' from file 'C:/Users/Elcin Erdemir/Desktop/KOAH/gestacare/app/nutrition/index.tsx'
    Imported via '../../constants/colors' from file 'C:/Users/Elcin Erdemir/Desktop/KOAH/gestacare/app/survey/index.tsx'
    Imported via '../../constants/colors' from file 'C:/Users/Elcin Erdemir/Desktop/KOAH/gestacare/components/shared/LoadingSpinner.tsx'
app/(tabs)/index.tsx(52,23): error TS2769: No overload matches this call.
  Overload 1 of 2, '(props: LinearGradientProps): LinearGradient', gave the following error.
    Type 'string[]' is not assignable to type 'readonly [ColorValue, ColorValue, ...ColorValue[]]'.
      Source provides no match for required element at position 0 in target.
  Overload 2 of 2, '(props: LinearGradientProps, context: any): LinearGradient', gave the following error.
    Type 'string[]' is not assignable to type 'readonly [ColorValue, ColorValue, ...ColorValue[]]'.
      Source provides no match for required element at position 0 in target.
app/(tabs)/index.tsx(84,15): error TS2322: Type '({ width: "100%"; } | { marginTop: number; })[]' is not assignable to type 'ViewStyle'.
  Types of property 'filter' are incompatible.
    Type '{ <S extends { width: "100%"; } | { marginTop: number; }>(predicate: (value: { width: "100%"; } | { marginTop: number; }, index: number, array: ({ width: "100%"; } | { marginTop: number; })[]) => value is S, thisArg?: any): S[]; (predicate: (value: { ...; } | { ...; }, index: number, array: ({ ...; } | { ...; })[]) ...' is not assignable to type 'string | readonly FilterFunction[] | undefined'.
app/(tabs)/notifications.tsx(10,24): error TS1149: File name 'C:/Users/Elcin Erdemir/Desktop/KOAH/gestacare/constants/colors.ts' differs from already included file name 'C:/Users/Elcin Erdemir/Desktop/KOAH/gestacare/constants/Colors.ts' only in casing.
  The file is in the program because:
    Matched by include pattern '**/*.ts' in 'C:/Users/Elcin Erdemir/Desktop/KOAH/gestacare/tsconfig.json'
    Imported via './colors' from file 'C:/Users/Elcin Erdemir/Desktop/KOAH/gestacare/constants/theme.ts'
    Imported via '../constants/colors' from file 'C:/Users/Elcin Erdemir/Desktop/KOAH/gestacare/app/_layout.tsx'
    Imported via '../../constants/colors' from file 'C:/Users/Elcin Erdemir/Desktop/KOAH/gestacare/app/(auth)/login.tsx'
    Imported via '../../constants/colors' from file 'C:/Users/Elcin Erdemir/Desktop/KOAH/gestacare/components/ui/Input.tsx'
    Imported via '../../constants/colors' from file 'C:/Users/Elcin Erdemir/Desktop/KOAH/gestacare/components/ui/Button.tsx'
    Imported via '../../constants/colors' from file 'C:/Users/Elcin Erdemir/Desktop/KOAH/gestacare/components/ui/Card.tsx'
    Imported via '../../constants/colors' from file 'C:/Users/Elcin Erdemir/Desktop/KOAH/gestacare/app/(tabs)/_layout.tsx'
    Imported via '../../constants/colors' from file 'C:/Users/Elcin Erdemir/Desktop/KOAH/gestacare/app/(tabs)/forms.tsx'
    Imported via '../../constants/colors' from file 'C:/Users/Elcin Erdemir/Desktop/KOAH/gestacare/app/(tabs)/goals.tsx'
    Imported via '../../constants/colors' from file 'C:/Users/Elcin Erdemir/Desktop/KOAH/gestacare/app/(tabs)/index.tsx'
    Imported via '../../constants/colors' from file 'C:/Users/Elcin Erdemir/Desktop/KOAH/gestacare/app/(tabs)/notifications.tsx'
    Imported via '../../constants/colors' from file 'C:/Users/Elcin Erdemir/Desktop/KOAH/gestacare/app/(tabs)/profile.tsx'
    Imported via '../../constants/colors' from file 'C:/Users/Elcin Erdemir/Desktop/KOAH/gestacare/app/activities/add.tsx'
    Imported via '../../constants/colors' from file 'C:/Users/Elcin Erdemir/Desktop/KOAH/gestacare/app/activities/index.tsx'
    Imported via '../../constants/colors' from file 'C:/Users/Elcin Erdemir/Desktop/KOAH/gestacare/components/ui/Badge.tsx'
    Imported via '../../constants/colors' from file 'C:/Users/Elcin Erdemir/Desktop/KOAH/gestacare/components/shared/EmptyState.tsx'
    Imported via '../../constants/colors' from file 'C:/Users/Elcin Erdemir/Desktop/KOAH/gestacare/app/blood-sugar/add.tsx'
    Imported via '../../constants/colors' from file 'C:/Users/Elcin Erdemir/Desktop/KOAH/gestacare/components/ui/Modal.tsx'
    Imported via '../../constants/colors' from file 'C:/Users/Elcin Erdemir/Desktop/KOAH/gestacare/components/shared/WarningModal.tsx'
    Imported via '../../constants/colors' from file 'C:/Users/Elcin Erdemir/Desktop/KOAH/gestacare/app/blood-sugar/index.tsx'
    Imported via '../../constants/colors' from file 'C:/Users/Elcin Erdemir/Desktop/KOAH/gestacare/app/education/index.tsx'
    Imported via '../../constants/colors' from file 'C:/Users/Elcin Erdemir/Desktop/KOAH/gestacare/app/faq/index.tsx'
    Imported via '../../constants/colors' from file 'C:/Users/Elcin Erdemir/Desktop/KOAH/gestacare/app/nutrition/add.tsx'
    Imported via '../../constants/colors' from file 'C:/Users/Elcin Erdemir/Desktop/KOAH/gestacare/components/ui/ProgressBar.tsx'
    Imported via '../../constants/colors' from file 'C:/Users/Elcin Erdemir/Desktop/KOAH/gestacare/app/nutrition/index.tsx'
    Imported via '../../constants/colors' from file 'C:/Users/Elcin Erdemir/Desktop/KOAH/gestacare/app/survey/index.tsx'
    Imported via '../../constants/colors' from file 'C:/Users/Elcin Erdemir/Desktop/KOAH/gestacare/components/shared/LoadingSpinner.tsx'
app/(tabs)/notifications.tsx(51,19): error TS2322: Type '(false | { flexDirection: "row"; padding: number; position: "relative"; overflow: "hidden"; } | { borderColor: string; borderWidth: number; })[]' is not assignable to type 'ViewStyle'.
  Types of property 'filter' are incompatible.
    Type '{ <S extends false | { flexDirection: "row"; padding: number; position: "relative"; overflow: "hidden"; } | { borderColor: string; borderWidth: number; }>(predicate: (value: false | { flexDirection: "row"; padding: number; position: "relative"; overflow: "hidden"; } | { ...; }, index: number, array: (false | ... 1 m...' is not assignable to type 'string | readonly FilterFunction[] | undefined'.
app/(tabs)/profile.tsx(11,24): error TS1149: File name 'C:/Users/Elcin Erdemir/Desktop/KOAH/gestacare/constants/colors.ts' differs from already included file name 'C:/Users/Elcin Erdemir/Desktop/KOAH/gestacare/constants/Colors.ts' only in casing.
  The file is in the program because:
    Matched by include pattern '**/*.ts' in 'C:/Users/Elcin Erdemir/Desktop/KOAH/gestacare/tsconfig.json'
    Imported via './colors' from file 'C:/Users/Elcin Erdemir/Desktop/KOAH/gestacare/constants/theme.ts'
    Imported via '../constants/colors' from file 'C:/Users/Elcin Erdemir/Desktop/KOAH/gestacare/app/_layout.tsx'
    Imported via '../../constants/colors' from file 'C:/Users/Elcin Erdemir/Desktop/KOAH/gestacare/app/(auth)/login.tsx'
    Imported via '../../constants/colors' from file 'C:/Users/Elcin Erdemir/Desktop/KOAH/gestacare/components/ui/Input.tsx'
    Imported via '../../constants/colors' from file 'C:/Users/Elcin Erdemir/Desktop/KOAH/gestacare/components/ui/Button.tsx'
    Imported via '../../constants/colors' from file 'C:/Users/Elcin Erdemir/Desktop/KOAH/gestacare/components/ui/Card.tsx'
    Imported via '../../constants/colors' from file 'C:/Users/Elcin Erdemir/Desktop/KOAH/gestacare/app/(tabs)/_layout.tsx'
    Imported via '../../constants/colors' from file 'C:/Users/Elcin Erdemir/Desktop/KOAH/gestacare/app/(tabs)/forms.tsx'
    Imported via '../../constants/colors' from file 'C:/Users/Elcin Erdemir/Desktop/KOAH/gestacare/app/(tabs)/goals.tsx'
    Imported via '../../constants/colors' from file 'C:/Users/Elcin Erdemir/Desktop/KOAH/gestacare/app/(tabs)/index.tsx'
    Imported via '../../constants/colors' from file 'C:/Users/Elcin Erdemir/Desktop/KOAH/gestacare/app/(tabs)/notifications.tsx'
    Imported via '../../constants/colors' from file 'C:/Users/Elcin Erdemir/Desktop/KOAH/gestacare/app/(tabs)/profile.tsx'
    Imported via '../../constants/colors' from file 'C:/Users/Elcin Erdemir/Desktop/KOAH/gestacare/app/activities/add.tsx'
    Imported via '../../constants/colors' from file 'C:/Users/Elcin Erdemir/Desktop/KOAH/gestacare/app/activities/index.tsx'
    Imported via '../../constants/colors' from file 'C:/Users/Elcin Erdemir/Desktop/KOAH/gestacare/components/ui/Badge.tsx'
    Imported via '../../constants/colors' from file 'C:/Users/Elcin Erdemir/Desktop/KOAH/gestacare/components/shared/EmptyState.tsx'
    Imported via '../../constants/colors' from file 'C:/Users/Elcin Erdemir/Desktop/KOAH/gestacare/app/blood-sugar/add.tsx'
    Imported via '../../constants/colors' from file 'C:/Users/Elcin Erdemir/Desktop/KOAH/gestacare/components/ui/Modal.tsx'
    Imported via '../../constants/colors' from file 'C:/Users/Elcin Erdemir/Desktop/KOAH/gestacare/components/shared/WarningModal.tsx'
    Imported via '../../constants/colors' from file 'C:/Users/Elcin Erdemir/Desktop/KOAH/gestacare/app/blood-sugar/index.tsx'
    Imported via '../../constants/colors' from file 'C:/Users/Elcin Erdemir/Desktop/KOAH/gestacare/app/education/index.tsx'
    Imported via '../../constants/colors' from file 'C:/Users/Elcin Erdemir/Desktop/KOAH/gestacare/app/faq/index.tsx'
    Imported via '../../constants/colors' from file 'C:/Users/Elcin Erdemir/Desktop/KOAH/gestacare/app/nutrition/add.tsx'
    Imported via '../../constants/colors' from file 'C:/Users/Elcin Erdemir/Desktop/KOAH/gestacare/components/ui/ProgressBar.tsx'
    Imported via '../../constants/colors' from file 'C:/Users/Elcin Erdemir/Desktop/KOAH/gestacare/app/nutrition/index.tsx'
    Imported via '../../constants/colors' from file 'C:/Users/Elcin Erdemir/Desktop/KOAH/gestacare/app/survey/index.tsx'
    Imported via '../../constants/colors' from file 'C:/Users/Elcin Erdemir/Desktop/KOAH/gestacare/components/shared/LoadingSpinner.tsx'
app/(tabs)/profile.tsx(69,17): error TS17001: JSX elements cannot have multiple attributes with the same name.
app/+not-found.tsx(4,28): error TS2307: Cannot find module '@/components/Themed' or its corresponding type declarations.
app/_layout.tsx(9,8): error TS2307: Cannot find module '@expo-google-fonts/poppins' or its corresponding type declarations.
app/_layout.tsx(12,24): error TS1149: File name 'C:/Users/Elcin Erdemir/Desktop/KOAH/gestacare/constants/colors.ts' differs from already included file name 'C:/Users/Elcin Erdemir/Desktop/KOAH/gestacare/constants/Colors.ts' only in casing.
  The file is in the program because:
    Matched by include pattern '**/*.ts' in 'C:/Users/Elcin Erdemir/Desktop/KOAH/gestacare/tsconfig.json'
    Imported via './colors' from file 'C:/Users/Elcin Erdemir/Desktop/KOAH/gestacare/constants/theme.ts'
    Imported via '../constants/colors' from file 'C:/Users/Elcin Erdemir/Desktop/KOAH/gestacare/app/_layout.tsx'
    Imported via '../../constants/colors' from file 'C:/Users/Elcin Erdemir/Desktop/KOAH/gestacare/app/(auth)/login.tsx'
    Imported via '../../constants/colors' from file 'C:/Users/Elcin Erdemir/Desktop/KOAH/gestacare/components/ui/Input.tsx'
    Imported via '../../constants/colors' from file 'C:/Users/Elcin Erdemir/Desktop/KOAH/gestacare/components/ui/Button.tsx'
    Imported via '../../constants/colors' from file 'C:/Users/Elcin Erdemir/Desktop/KOAH/gestacare/components/ui/Card.tsx'
    Imported via '../../constants/colors' from file 'C:/Users/Elcin Erdemir/Desktop/KOAH/gestacare/app/(tabs)/_layout.tsx'
    Imported via '../../constants/colors' from file 'C:/Users/Elcin Erdemir/Desktop/KOAH/gestacare/app/(tabs)/forms.tsx'
    Imported via '../../constants/colors' from file 'C:/Users/Elcin Erdemir/Desktop/KOAH/gestacare/app/(tabs)/goals.tsx'
    Imported via '../../constants/colors' from file 'C:/Users/Elcin Erdemir/Desktop/KOAH/gestacare/app/(tabs)/index.tsx'
    Imported via '../../constants/colors' from file 'C:/Users/Elcin Erdemir/Desktop/KOAH/gestacare/app/(tabs)/notifications.tsx'
    Imported via '../../constants/colors' from file 'C:/Users/Elcin Erdemir/Desktop/KOAH/gestacare/app/(tabs)/profile.tsx'
    Imported via '../../constants/colors' from file 'C:/Users/Elcin Erdemir/Desktop/KOAH/gestacare/app/activities/add.tsx'
    Imported via '../../constants/colors' from file 'C:/Users/Elcin Erdemir/Desktop/KOAH/gestacare/app/activities/index.tsx'
    Imported via '../../constants/colors' from file 'C:/Users/Elcin Erdemir/Desktop/KOAH/gestacare/components/ui/Badge.tsx'
    Imported via '../../constants/colors' from file 'C:/Users/Elcin Erdemir/Desktop/KOAH/gestacare/components/shared/EmptyState.tsx'
    Imported via '../../constants/colors' from file 'C:/Users/Elcin Erdemir/Desktop/KOAH/gestacare/app/blood-sugar/add.tsx'
    Imported via '../../constants/colors' from file 'C:/Users/Elcin Erdemir/Desktop/KOAH/gestacare/components/ui/Modal.tsx'
    Imported via '../../constants/colors' from file 'C:/Users/Elcin Erdemir/Desktop/KOAH/gestacare/components/shared/WarningModal.tsx'
    Imported via '../../constants/colors' from file 'C:/Users/Elcin Erdemir/Desktop/KOAH/gestacare/app/blood-sugar/index.tsx'
    Imported via '../../constants/colors' from file 'C:/Users/Elcin Erdemir/Desktop/KOAH/gestacare/app/education/index.tsx'
    Imported via '../../constants/colors' from file 'C:/Users/Elcin Erdemir/Desktop/KOAH/gestacare/app/faq/index.tsx'
    Imported via '../../constants/colors' from file 'C:/Users/Elcin Erdemir/Desktop/KOAH/gestacare/app/nutrition/add.tsx'
    Imported via '../../constants/colors' from file 'C:/Users/Elcin Erdemir/Desktop/KOAH/gestacare/components/ui/ProgressBar.tsx'
    Imported via '../../constants/colors' from file 'C:/Users/Elcin Erdemir/Desktop/KOAH/gestacare/app/nutrition/index.tsx'
    Imported via '../../constants/colors' from file 'C:/Users/Elcin Erdemir/Desktop/KOAH/gestacare/app/survey/index.tsx'
    Imported via '../../constants/colors' from file 'C:/Users/Elcin Erdemir/Desktop/KOAH/gestacare/components/shared/LoadingSpinner.tsx'
app/activities/add.tsx(14,24): error TS1149: File name 'C:/Users/Elcin Erdemir/Desktop/KOAH/gestacare/constants/colors.ts' differs from already included file name 'C:/Users/Elcin Erdemir/Desktop/KOAH/gestacare/constants/Colors.ts' only in casing.
  The file is in the program because:
    Matched by include pattern '**/*.ts' in 'C:/Users/Elcin Erdemir/Desktop/KOAH/gestacare/tsconfig.json'
    Imported via './colors' from file 'C:/Users/Elcin Erdemir/Desktop/KOAH/gestacare/constants/theme.ts'
    Imported via '../constants/colors' from file 'C:/Users/Elcin Erdemir/Desktop/KOAH/gestacare/app/_layout.tsx'
    Imported via '../../constants/colors' from file 'C:/Users/Elcin Erdemir/Desktop/KOAH/gestacare/app/(auth)/login.tsx'
    Imported via '../../constants/colors' from file 'C:/Users/Elcin Erdemir/Desktop/KOAH/gestacare/components/ui/Input.tsx'
    Imported via '../../constants/colors' from file 'C:/Users/Elcin Erdemir/Desktop/KOAH/gestacare/components/ui/Button.tsx'
    Imported via '../../constants/colors' from file 'C:/Users/Elcin Erdemir/Desktop/KOAH/gestacare/components/ui/Card.tsx'
    Imported via '../../constants/colors' from file 'C:/Users/Elcin Erdemir/Desktop/KOAH/gestacare/app/(tabs)/_layout.tsx'
    Imported via '../../constants/colors' from file 'C:/Users/Elcin Erdemir/Desktop/KOAH/gestacare/app/(tabs)/forms.tsx'
    Imported via '../../constants/colors' from file 'C:/Users/Elcin Erdemir/Desktop/KOAH/gestacare/app/(tabs)/goals.tsx'
    Imported via '../../constants/colors' from file 'C:/Users/Elcin Erdemir/Desktop/KOAH/gestacare/app/(tabs)/index.tsx'
    Imported via '../../constants/colors' from file 'C:/Users/Elcin Erdemir/Desktop/KOAH/gestacare/app/(tabs)/notifications.tsx'
    Imported via '../../constants/colors' from file 'C:/Users/Elcin Erdemir/Desktop/KOAH/gestacare/app/(tabs)/profile.tsx'
    Imported via '../../constants/colors' from file 'C:/Users/Elcin Erdemir/Desktop/KOAH/gestacare/app/activities/add.tsx'
    Imported via '../../constants/colors' from file 'C:/Users/Elcin Erdemir/Desktop/KOAH/gestacare/app/activities/index.tsx'
    Imported via '../../constants/colors' from file 'C:/Users/Elcin Erdemir/Desktop/KOAH/gestacare/components/ui/Badge.tsx'
    Imported via '../../constants/colors' from file 'C:/Users/Elcin Erdemir/Desktop/KOAH/gestacare/components/shared/EmptyState.tsx'
    Imported via '../../constants/colors' from file 'C:/Users/Elcin Erdemir/Desktop/KOAH/gestacare/app/blood-sugar/add.tsx'
    Imported via '../../constants/colors' from file 'C:/Users/Elcin Erdemir/Desktop/KOAH/gestacare/components/ui/Modal.tsx'
    Imported via '../../constants/colors' from file 'C:/Users/Elcin Erdemir/Desktop/KOAH/gestacare/components/shared/WarningModal.tsx'
    Imported via '../../constants/colors' from file 'C:/Users/Elcin Erdemir/Desktop/KOAH/gestacare/app/blood-sugar/index.tsx'
    Imported via '../../constants/colors' from file 'C:/Users/Elcin Erdemir/Desktop/KOAH/gestacare/app/education/index.tsx'
    Imported via '../../constants/colors' from file 'C:/Users/Elcin Erdemir/Desktop/KOAH/gestacare/app/faq/index.tsx'
    Imported via '../../constants/colors' from file 'C:/Users/Elcin Erdemir/Desktop/KOAH/gestacare/app/nutrition/add.tsx'
    Imported via '../../constants/colors' from file 'C:/Users/Elcin Erdemir/Desktop/KOAH/gestacare/components/ui/ProgressBar.tsx'
    Imported via '../../constants/colors' from file 'C:/Users/Elcin Erdemir/Desktop/KOAH/gestacare/app/nutrition/index.tsx'
    Imported via '../../constants/colors' from file 'C:/Users/Elcin Erdemir/Desktop/KOAH/gestacare/app/survey/index.tsx'
    Imported via '../../constants/colors' from file 'C:/Users/Elcin Erdemir/Desktop/KOAH/gestacare/components/shared/LoadingSpinner.tsx'
app/activities/index.tsx(12,24): error TS1149: File name 'C:/Users/Elcin Erdemir/Desktop/KOAH/gestacare/constants/colors.ts' differs from already included file name 'C:/Users/Elcin Erdemir/Desktop/KOAH/gestacare/constants/Colors.ts' only in casing.
  The file is in the program because:
    Matched by include pattern '**/*.ts' in 'C:/Users/Elcin Erdemir/Desktop/KOAH/gestacare/tsconfig.json'
    Imported via './colors' from file 'C:/Users/Elcin Erdemir/Desktop/KOAH/gestacare/constants/theme.ts'
    Imported via '../constants/colors' from file 'C:/Users/Elcin Erdemir/Desktop/KOAH/gestacare/app/_layout.tsx'
    Imported via '../../constants/colors' from file 'C:/Users/Elcin Erdemir/Desktop/KOAH/gestacare/app/(auth)/login.tsx'
    Imported via '../../constants/colors' from file 'C:/Users/Elcin Erdemir/Desktop/KOAH/gestacare/components/ui/Input.tsx'
    Imported via '../../constants/colors' from file 'C:/Users/Elcin Erdemir/Desktop/KOAH/gestacare/components/ui/Button.tsx'
    Imported via '../../constants/colors' from file 'C:/Users/Elcin Erdemir/Desktop/KOAH/gestacare/components/ui/Card.tsx'
    Imported via '../../constants/colors' from file 'C:/Users/Elcin Erdemir/Desktop/KOAH/gestacare/app/(tabs)/_layout.tsx'
    Imported via '../../constants/colors' from file 'C:/Users/Elcin Erdemir/Desktop/KOAH/gestacare/app/(tabs)/forms.tsx'
    Imported via '../../constants/colors' from file 'C:/Users/Elcin Erdemir/Desktop/KOAH/gestacare/app/(tabs)/goals.tsx'
    Imported via '../../constants/colors' from file 'C:/Users/Elcin Erdemir/Desktop/KOAH/gestacare/app/(tabs)/index.tsx'
    Imported via '../../constants/colors' from file 'C:/Users/Elcin Erdemir/Desktop/KOAH/gestacare/app/(tabs)/notifications.tsx'
    Imported via '../../constants/colors' from file 'C:/Users/Elcin Erdemir/Desktop/KOAH/gestacare/app/(tabs)/profile.tsx'
    Imported via '../../constants/colors' from file 'C:/Users/Elcin Erdemir/Desktop/KOAH/gestacare/app/activities/add.tsx'
    Imported via '../../constants/colors' from file 'C:/Users/Elcin Erdemir/Desktop/KOAH/gestacare/app/activities/index.tsx'
    Imported via '../../constants/colors' from file 'C:/Users/Elcin Erdemir/Desktop/KOAH/gestacare/components/ui/Badge.tsx'
    Imported via '../../constants/colors' from file 'C:/Users/Elcin Erdemir/Desktop/KOAH/gestacare/components/shared/EmptyState.tsx'
    Imported via '../../constants/colors' from file 'C:/Users/Elcin Erdemir/Desktop/KOAH/gestacare/app/blood-sugar/add.tsx'
    Imported via '../../constants/colors' from file 'C:/Users/Elcin Erdemir/Desktop/KOAH/gestacare/components/ui/Modal.tsx'
    Imported via '../../constants/colors' from file 'C:/Users/Elcin Erdemir/Desktop/KOAH/gestacare/components/shared/WarningModal.tsx'
    Imported via '../../constants/colors' from file 'C:/Users/Elcin Erdemir/Desktop/KOAH/gestacare/app/blood-sugar/index.tsx'
    Imported via '../../constants/colors' from file 'C:/Users/Elcin Erdemir/Desktop/KOAH/gestacare/app/education/index.tsx'
    Imported via '../../constants/colors' from file 'C:/Users/Elcin Erdemir/Desktop/KOAH/gestacare/app/faq/index.tsx'
    Imported via '../../constants/colors' from file 'C:/Users/Elcin Erdemir/Desktop/KOAH/gestacare/app/nutrition/add.tsx'
    Imported via '../../constants/colors' from file 'C:/Users/Elcin Erdemir/Desktop/KOAH/gestacare/components/ui/ProgressBar.tsx'
    Imported via '../../constants/colors' from file 'C:/Users/Elcin Erdemir/Desktop/KOAH/gestacare/app/nutrition/index.tsx'
    Imported via '../../constants/colors' from file 'C:/Users/Elcin Erdemir/Desktop/KOAH/gestacare/app/survey/index.tsx'
    Imported via '../../constants/colors' from file 'C:/Users/Elcin Erdemir/Desktop/KOAH/gestacare/components/shared/LoadingSpinner.tsx'
app/blood-sugar/add.tsx(14,24): error TS1149: File name 'C:/Users/Elcin Erdemir/Desktop/KOAH/gestacare/constants/colors.ts' differs from already included file name 'C:/Users/Elcin Erdemir/Desktop/KOAH/gestacare/constants/Colors.ts' only in casing.
  The file is in the program because:
    Matched by include pattern '**/*.ts' in 'C:/Users/Elcin Erdemir/Desktop/KOAH/gestacare/tsconfig.json'
    Imported via './colors' from file 'C:/Users/Elcin Erdemir/Desktop/KOAH/gestacare/constants/theme.ts'
    Imported via '../constants/colors' from file 'C:/Users/Elcin Erdemir/Desktop/KOAH/gestacare/app/_layout.tsx'
    Imported via '../../constants/colors' from file 'C:/Users/Elcin Erdemir/Desktop/KOAH/gestacare/app/(auth)/login.tsx'
    Imported via '../../constants/colors' from file 'C:/Users/Elcin Erdemir/Desktop/KOAH/gestacare/components/ui/Input.tsx'
    Imported via '../../constants/colors' from file 'C:/Users/Elcin Erdemir/Desktop/KOAH/gestacare/components/ui/Button.tsx'
    Imported via '../../constants/colors' from file 'C:/Users/Elcin Erdemir/Desktop/KOAH/gestacare/components/ui/Card.tsx'
    Imported via '../../constants/colors' from file 'C:/Users/Elcin Erdemir/Desktop/KOAH/gestacare/app/(tabs)/_layout.tsx'
    Imported via '../../constants/colors' from file 'C:/Users/Elcin Erdemir/Desktop/KOAH/gestacare/app/(tabs)/forms.tsx'
    Imported via '../../constants/colors' from file 'C:/Users/Elcin Erdemir/Desktop/KOAH/gestacare/app/(tabs)/goals.tsx'
    Imported via '../../constants/colors' from file 'C:/Users/Elcin Erdemir/Desktop/KOAH/gestacare/app/(tabs)/index.tsx'
    Imported via '../../constants/colors' from file 'C:/Users/Elcin Erdemir/Desktop/KOAH/gestacare/app/(tabs)/notifications.tsx'
    Imported via '../../constants/colors' from file 'C:/Users/Elcin Erdemir/Desktop/KOAH/gestacare/app/(tabs)/profile.tsx'
    Imported via '../../constants/colors' from file 'C:/Users/Elcin Erdemir/Desktop/KOAH/gestacare/app/activities/add.tsx'
    Imported via '../../constants/colors' from file 'C:/Users/Elcin Erdemir/Desktop/KOAH/gestacare/app/activities/index.tsx'
    Imported via '../../constants/colors' from file 'C:/Users/Elcin Erdemir/Desktop/KOAH/gestacare/components/ui/Badge.tsx'
    Imported via '../../constants/colors' from file 'C:/Users/Elcin Erdemir/Desktop/KOAH/gestacare/components/shared/EmptyState.tsx'
    Imported via '../../constants/colors' from file 'C:/Users/Elcin Erdemir/Desktop/KOAH/gestacare/app/blood-sugar/add.tsx'
    Imported via '../../constants/colors' from file 'C:/Users/Elcin Erdemir/Desktop/KOAH/gestacare/components/ui/Modal.tsx'
    Imported via '../../constants/colors' from file 'C:/Users/Elcin Erdemir/Desktop/KOAH/gestacare/components/shared/WarningModal.tsx'
    Imported via '../../constants/colors' from file 'C:/Users/Elcin Erdemir/Desktop/KOAH/gestacare/app/blood-sugar/index.tsx'
    Imported via '../../constants/colors' from file 'C:/Users/Elcin Erdemir/Desktop/KOAH/gestacare/app/education/index.tsx'
    Imported via '../../constants/colors' from file 'C:/Users/Elcin Erdemir/Desktop/KOAH/gestacare/app/faq/index.tsx'
    Imported via '../../constants/colors' from file 'C:/Users/Elcin Erdemir/Desktop/KOAH/gestacare/app/nutrition/add.tsx'
    Imported via '../../constants/colors' from file 'C:/Users/Elcin Erdemir/Desktop/KOAH/gestacare/components/ui/ProgressBar.tsx'
    Imported via '../../constants/colors' from file 'C:/Users/Elcin Erdemir/Desktop/KOAH/gestacare/app/nutrition/index.tsx'
    Imported via '../../constants/colors' from file 'C:/Users/Elcin Erdemir/Desktop/KOAH/gestacare/app/survey/index.tsx'
    Imported via '../../constants/colors' from file 'C:/Users/Elcin Erdemir/Desktop/KOAH/gestacare/components/shared/LoadingSpinner.tsx'
app/blood-sugar/index.tsx(13,24): error TS1149: File name 'C:/Users/Elcin Erdemir/Desktop/KOAH/gestacare/constants/colors.ts' differs from already included file name 'C:/Users/Elcin Erdemir/Desktop/KOAH/gestacare/constants/Colors.ts' only in casing.
  The file is in the program because:
    Matched by include pattern '**/*.ts' in 'C:/Users/Elcin Erdemir/Desktop/KOAH/gestacare/tsconfig.json'
    Imported via './colors' from file 'C:/Users/Elcin Erdemir/Desktop/KOAH/gestacare/constants/theme.ts'
    Imported via '../constants/colors' from file 'C:/Users/Elcin Erdemir/Desktop/KOAH/gestacare/app/_layout.tsx'
    Imported via '../../constants/colors' from file 'C:/Users/Elcin Erdemir/Desktop/KOAH/gestacare/app/(auth)/login.tsx'
    Imported via '../../constants/colors' from file 'C:/Users/Elcin Erdemir/Desktop/KOAH/gestacare/components/ui/Input.tsx'
    Imported via '../../constants/colors' from file 'C:/Users/Elcin Erdemir/Desktop/KOAH/gestacare/components/ui/Button.tsx'
    Imported via '../../constants/colors' from file 'C:/Users/Elcin Erdemir/Desktop/KOAH/gestacare/components/ui/Card.tsx'
    Imported via '../../constants/colors' from file 'C:/Users/Elcin Erdemir/Desktop/KOAH/gestacare/app/(tabs)/_layout.tsx'
    Imported via '../../constants/colors' from file 'C:/Users/Elcin Erdemir/Desktop/KOAH/gestacare/app/(tabs)/forms.tsx'
    Imported via '../../constants/colors' from file 'C:/Users/Elcin Erdemir/Desktop/KOAH/gestacare/app/(tabs)/goals.tsx'
    Imported via '../../constants/colors' from file 'C:/Users/Elcin Erdemir/Desktop/KOAH/gestacare/app/(tabs)/index.tsx'
    Imported via '../../constants/colors' from file 'C:/Users/Elcin Erdemir/Desktop/KOAH/gestacare/app/(tabs)/notifications.tsx'
    Imported via '../../constants/colors' from file 'C:/Users/Elcin Erdemir/Desktop/KOAH/gestacare/app/(tabs)/profile.tsx'
    Imported via '../../constants/colors' from file 'C:/Users/Elcin Erdemir/Desktop/KOAH/gestacare/app/activities/add.tsx'
    Imported via '../../constants/colors' from file 'C:/Users/Elcin Erdemir/Desktop/KOAH/gestacare/app/activities/index.tsx'
    Imported via '../../constants/colors' from file 'C:/Users/Elcin Erdemir/Desktop/KOAH/gestacare/components/ui/Badge.tsx'
    Imported via '../../constants/colors' from file 'C:/Users/Elcin Erdemir/Desktop/KOAH/gestacare/components/shared/EmptyState.tsx'
    Imported via '../../constants/colors' from file 'C:/Users/Elcin Erdemir/Desktop/KOAH/gestacare/app/blood-sugar/add.tsx'
    Imported via '../../constants/colors' from file 'C:/Users/Elcin Erdemir/Desktop/KOAH/gestacare/components/ui/Modal.tsx'
    Imported via '../../constants/colors' from file 'C:/Users/Elcin Erdemir/Desktop/KOAH/gestacare/components/shared/WarningModal.tsx'
    Imported via '../../constants/colors' from file 'C:/Users/Elcin Erdemir/Desktop/KOAH/gestacare/app/blood-sugar/index.tsx'
    Imported via '../../constants/colors' from file 'C:/Users/Elcin Erdemir/Desktop/KOAH/gestacare/app/education/index.tsx'
    Imported via '../../constants/colors' from file 'C:/Users/Elcin Erdemir/Desktop/KOAH/gestacare/app/faq/index.tsx'
    Imported via '../../constants/colors' from file 'C:/Users/Elcin Erdemir/Desktop/KOAH/gestacare/app/nutrition/add.tsx'
    Imported via '../../constants/colors' from file 'C:/Users/Elcin Erdemir/Desktop/KOAH/gestacare/components/ui/ProgressBar.tsx'
    Imported via '../../constants/colors' from file 'C:/Users/Elcin Erdemir/Desktop/KOAH/gestacare/app/nutrition/index.tsx'
    Imported via '../../constants/colors' from file 'C:/Users/Elcin Erdemir/Desktop/KOAH/gestacare/app/survey/index.tsx'
    Imported via '../../constants/colors' from file 'C:/Users/Elcin Erdemir/Desktop/KOAH/gestacare/components/shared/LoadingSpinner.tsx'
app/education/index.tsx(11,24): error TS1149: File name 'C:/Users/Elcin Erdemir/Desktop/KOAH/gestacare/constants/colors.ts' differs from already included file name 'C:/Users/Elcin Erdemir/Desktop/KOAH/gestacare/constants/Colors.ts' only in casing.
  The file is in the program because:
    Matched by include pattern '**/*.ts' in 'C:/Users/Elcin Erdemir/Desktop/KOAH/gestacare/tsconfig.json'
    Imported via './colors' from file 'C:/Users/Elcin Erdemir/Desktop/KOAH/gestacare/constants/theme.ts'
    Imported via '../constants/colors' from file 'C:/Users/Elcin Erdemir/Desktop/KOAH/gestacare/app/_layout.tsx'
    Imported via '../../constants/colors' from file 'C:/Users/Elcin Erdemir/Desktop/KOAH/gestacare/app/(auth)/login.tsx'
    Imported via '../../constants/colors' from file 'C:/Users/Elcin Erdemir/Desktop/KOAH/gestacare/components/ui/Input.tsx'
    Imported via '../../constants/colors' from file 'C:/Users/Elcin Erdemir/Desktop/KOAH/gestacare/components/ui/Button.tsx'
    Imported via '../../constants/colors' from file 'C:/Users/Elcin Erdemir/Desktop/KOAH/gestacare/components/ui/Card.tsx'
    Imported via '../../constants/colors' from file 'C:/Users/Elcin Erdemir/Desktop/KOAH/gestacare/app/(tabs)/_layout.tsx'
    Imported via '../../constants/colors' from file 'C:/Users/Elcin Erdemir/Desktop/KOAH/gestacare/app/(tabs)/forms.tsx'
    Imported via '../../constants/colors' from file 'C:/Users/Elcin Erdemir/Desktop/KOAH/gestacare/app/(tabs)/goals.tsx'
    Imported via '../../constants/colors' from file 'C:/Users/Elcin Erdemir/Desktop/KOAH/gestacare/app/(tabs)/index.tsx'
    Imported via '../../constants/colors' from file 'C:/Users/Elcin Erdemir/Desktop/KOAH/gestacare/app/(tabs)/notifications.tsx'
    Imported via '../../constants/colors' from file 'C:/Users/Elcin Erdemir/Desktop/KOAH/gestacare/app/(tabs)/profile.tsx'
    Imported via '../../constants/colors' from file 'C:/Users/Elcin Erdemir/Desktop/KOAH/gestacare/app/activities/add.tsx'
    Imported via '../../constants/colors' from file 'C:/Users/Elcin Erdemir/Desktop/KOAH/gestacare/app/activities/index.tsx'
    Imported via '../../constants/colors' from file 'C:/Users/Elcin Erdemir/Desktop/KOAH/gestacare/components/ui/Badge.tsx'
    Imported via '../../constants/colors' from file 'C:/Users/Elcin Erdemir/Desktop/KOAH/gestacare/components/shared/EmptyState.tsx'
    Imported via '../../constants/colors' from file 'C:/Users/Elcin Erdemir/Desktop/KOAH/gestacare/app/blood-sugar/add.tsx'
    Imported via '../../constants/colors' from file 'C:/Users/Elcin Erdemir/Desktop/KOAH/gestacare/components/ui/Modal.tsx'
    Imported via '../../constants/colors' from file 'C:/Users/Elcin Erdemir/Desktop/KOAH/gestacare/components/shared/WarningModal.tsx'
    Imported via '../../constants/colors' from file 'C:/Users/Elcin Erdemir/Desktop/KOAH/gestacare/app/blood-sugar/index.tsx'
    Imported via '../../constants/colors' from file 'C:/Users/Elcin Erdemir/Desktop/KOAH/gestacare/app/education/index.tsx'
    Imported via '../../constants/colors' from file 'C:/Users/Elcin Erdemir/Desktop/KOAH/gestacare/app/faq/index.tsx'
    Imported via '../../constants/colors' from file 'C:/Users/Elcin Erdemir/Desktop/KOAH/gestacare/app/nutrition/add.tsx'
    Imported via '../../constants/colors' from file 'C:/Users/Elcin Erdemir/Desktop/KOAH/gestacare/components/ui/ProgressBar.tsx'
    Imported via '../../constants/colors' from file 'C:/Users/Elcin Erdemir/Desktop/KOAH/gestacare/app/nutrition/index.tsx'
    Imported via '../../constants/colors' from file 'C:/Users/Elcin Erdemir/Desktop/KOAH/gestacare/app/survey/index.tsx'
    Imported via '../../constants/colors' from file 'C:/Users/Elcin Erdemir/Desktop/KOAH/gestacare/components/shared/LoadingSpinner.tsx'
app/faq/index.tsx(13,24): error TS1149: File name 'C:/Users/Elcin Erdemir/Desktop/KOAH/gestacare/constants/colors.ts' differs from already included file name 'C:/Users/Elcin Erdemir/Desktop/KOAH/gestacare/constants/Colors.ts' only in casing.
  The file is in the program because:
    Matched by include pattern '**/*.ts' in 'C:/Users/Elcin Erdemir/Desktop/KOAH/gestacare/tsconfig.json'
    Imported via './colors' from file 'C:/Users/Elcin Erdemir/Desktop/KOAH/gestacare/constants/theme.ts'
    Imported via '../constants/colors' from file 'C:/Users/Elcin Erdemir/Desktop/KOAH/gestacare/app/_layout.tsx'
    Imported via '../../constants/colors' from file 'C:/Users/Elcin Erdemir/Desktop/KOAH/gestacare/app/(auth)/login.tsx'
    Imported via '../../constants/colors' from file 'C:/Users/Elcin Erdemir/Desktop/KOAH/gestacare/components/ui/Input.tsx'
    Imported via '../../constants/colors' from file 'C:/Users/Elcin Erdemir/Desktop/KOAH/gestacare/components/ui/Button.tsx'
    Imported via '../../constants/colors' from file 'C:/Users/Elcin Erdemir/Desktop/KOAH/gestacare/components/ui/Card.tsx'
    Imported via '../../constants/colors' from file 'C:/Users/Elcin Erdemir/Desktop/KOAH/gestacare/app/(tabs)/_layout.tsx'
    Imported via '../../constants/colors' from file 'C:/Users/Elcin Erdemir/Desktop/KOAH/gestacare/app/(tabs)/forms.tsx'
    Imported via '../../constants/colors' from file 'C:/Users/Elcin Erdemir/Desktop/KOAH/gestacare/app/(tabs)/goals.tsx'
    Imported via '../../constants/colors' from file 'C:/Users/Elcin Erdemir/Desktop/KOAH/gestacare/app/(tabs)/index.tsx'
    Imported via '../../constants/colors' from file 'C:/Users/Elcin Erdemir/Desktop/KOAH/gestacare/app/(tabs)/notifications.tsx'
    Imported via '../../constants/colors' from file 'C:/Users/Elcin Erdemir/Desktop/KOAH/gestacare/app/(tabs)/profile.tsx'
    Imported via '../../constants/colors' from file 'C:/Users/Elcin Erdemir/Desktop/KOAH/gestacare/app/activities/add.tsx'
    Imported via '../../constants/colors' from file 'C:/Users/Elcin Erdemir/Desktop/KOAH/gestacare/app/activities/index.tsx'
    Imported via '../../constants/colors' from file 'C:/Users/Elcin Erdemir/Desktop/KOAH/gestacare/components/ui/Badge.tsx'
    Imported via '../../constants/colors' from file 'C:/Users/Elcin Erdemir/Desktop/KOAH/gestacare/components/shared/EmptyState.tsx'
    Imported via '../../constants/colors' from file 'C:/Users/Elcin Erdemir/Desktop/KOAH/gestacare/app/blood-sugar/add.tsx'
    Imported via '../../constants/colors' from file 'C:/Users/Elcin Erdemir/Desktop/KOAH/gestacare/components/ui/Modal.tsx'
    Imported via '../../constants/colors' from file 'C:/Users/Elcin Erdemir/Desktop/KOAH/gestacare/components/shared/WarningModal.tsx'
    Imported via '../../constants/colors' from file 'C:/Users/Elcin Erdemir/Desktop/KOAH/gestacare/app/blood-sugar/index.tsx'
    Imported via '../../constants/colors' from file 'C:/Users/Elcin Erdemir/Desktop/KOAH/gestacare/app/education/index.tsx'
    Imported via '../../constants/colors' from file 'C:/Users/Elcin Erdemir/Desktop/KOAH/gestacare/app/faq/index.tsx'
    Imported via '../../constants/colors' from file 'C:/Users/Elcin Erdemir/Desktop/KOAH/gestacare/app/nutrition/add.tsx'
    Imported via '../../constants/colors' from file 'C:/Users/Elcin Erdemir/Desktop/KOAH/gestacare/components/ui/ProgressBar.tsx'
    Imported via '../../constants/colors' from file 'C:/Users/Elcin Erdemir/Desktop/KOAH/gestacare/app/nutrition/index.tsx'
    Imported via '../../constants/colors' from file 'C:/Users/Elcin Erdemir/Desktop/KOAH/gestacare/app/survey/index.tsx'
    Imported via '../../constants/colors' from file 'C:/Users/Elcin Erdemir/Desktop/KOAH/gestacare/components/shared/LoadingSpinner.tsx'
app/faq/index.tsx(66,27): error TS2322: Type '(false | { marginBottom: number; padding: number; } | { borderColor: string; borderWidth: number; })[]' is not assignable to type 'ViewStyle'.
  Types of property 'filter' are incompatible.
    Type '{ <S extends false | { marginBottom: number; padding: number; } | { borderColor: string; borderWidth: number; }>(predicate: (value: false | { marginBottom: number; padding: number; } | { borderColor: string; borderWidth: number; }, index: number, array: (false | ... 1 more ... | { ...; })[]) => value is S, thisArg?:...' is not assignable to type 'string | readonly FilterFunction[] | undefined'.
app/nutrition/add.tsx(14,24): error TS1149: File name 'C:/Users/Elcin Erdemir/Desktop/KOAH/gestacare/constants/colors.ts' differs from already included file name 'C:/Users/Elcin Erdemir/Desktop/KOAH/gestacare/constants/Colors.ts' only in casing.
  The file is in the program because:
    Matched by include pattern '**/*.ts' in 'C:/Users/Elcin Erdemir/Desktop/KOAH/gestacare/tsconfig.json'
    Imported via './colors' from file 'C:/Users/Elcin Erdemir/Desktop/KOAH/gestacare/constants/theme.ts'
    Imported via '../constants/colors' from file 'C:/Users/Elcin Erdemir/Desktop/KOAH/gestacare/app/_layout.tsx'
    Imported via '../../constants/colors' from file 'C:/Users/Elcin Erdemir/Desktop/KOAH/gestacare/app/(auth)/login.tsx'
    Imported via '../../constants/colors' from file 'C:/Users/Elcin Erdemir/Desktop/KOAH/gestacare/components/ui/Input.tsx'
    Imported via '../../constants/colors' from file 'C:/Users/Elcin Erdemir/Desktop/KOAH/gestacare/components/ui/Button.tsx'
    Imported via '../../constants/colors' from file 'C:/Users/Elcin Erdemir/Desktop/KOAH/gestacare/components/ui/Card.tsx'
    Imported via '../../constants/colors' from file 'C:/Users/Elcin Erdemir/Desktop/KOAH/gestacare/app/(tabs)/_layout.tsx'
    Imported via '../../constants/colors' from file 'C:/Users/Elcin Erdemir/Desktop/KOAH/gestacare/app/(tabs)/forms.tsx'
    Imported via '../../constants/colors' from file 'C:/Users/Elcin Erdemir/Desktop/KOAH/gestacare/app/(tabs)/goals.tsx'
    Imported via '../../constants/colors' from file 'C:/Users/Elcin Erdemir/Desktop/KOAH/gestacare/app/(tabs)/index.tsx'
    Imported via '../../constants/colors' from file 'C:/Users/Elcin Erdemir/Desktop/KOAH/gestacare/app/(tabs)/notifications.tsx'
    Imported via '../../constants/colors' from file 'C:/Users/Elcin Erdemir/Desktop/KOAH/gestacare/app/(tabs)/profile.tsx'
    Imported via '../../constants/colors' from file 'C:/Users/Elcin Erdemir/Desktop/KOAH/gestacare/app/activities/add.tsx'
    Imported via '../../constants/colors' from file 'C:/Users/Elcin Erdemir/Desktop/KOAH/gestacare/app/activities/index.tsx'
    Imported via '../../constants/colors' from file 'C:/Users/Elcin Erdemir/Desktop/KOAH/gestacare/components/ui/Badge.tsx'
    Imported via '../../constants/colors' from file 'C:/Users/Elcin Erdemir/Desktop/KOAH/gestacare/components/shared/EmptyState.tsx'
    Imported via '../../constants/colors' from file 'C:/Users/Elcin Erdemir/Desktop/KOAH/gestacare/app/blood-sugar/add.tsx'
    Imported via '../../constants/colors' from file 'C:/Users/Elcin Erdemir/Desktop/KOAH/gestacare/components/ui/Modal.tsx'
    Imported via '../../constants/colors' from file 'C:/Users/Elcin Erdemir/Desktop/KOAH/gestacare/components/shared/WarningModal.tsx'
    Imported via '../../constants/colors' from file 'C:/Users/Elcin Erdemir/Desktop/KOAH/gestacare/app/blood-sugar/index.tsx'
    Imported via '../../constants/colors' from file 'C:/Users/Elcin Erdemir/Desktop/KOAH/gestacare/app/education/index.tsx'
    Imported via '../../constants/colors' from file 'C:/Users/Elcin Erdemir/Desktop/KOAH/gestacare/app/faq/index.tsx'
    Imported via '../../constants/colors' from file 'C:/Users/Elcin Erdemir/Desktop/KOAH/gestacare/app/nutrition/add.tsx'
    Imported via '../../constants/colors' from file 'C:/Users/Elcin Erdemir/Desktop/KOAH/gestacare/components/ui/ProgressBar.tsx'
    Imported via '../../constants/colors' from file 'C:/Users/Elcin Erdemir/Desktop/KOAH/gestacare/app/nutrition/index.tsx'
    Imported via '../../constants/colors' from file 'C:/Users/Elcin Erdemir/Desktop/KOAH/gestacare/app/survey/index.tsx'
    Imported via '../../constants/colors' from file 'C:/Users/Elcin Erdemir/Desktop/KOAH/gestacare/components/shared/LoadingSpinner.tsx'
app/nutrition/index.tsx(12,24): error TS1149: File name 'C:/Users/Elcin Erdemir/Desktop/KOAH/gestacare/constants/colors.ts' differs from already included file name 'C:/Users/Elcin Erdemir/Desktop/KOAH/gestacare/constants/Colors.ts' only in casing.
  The file is in the program because:
    Matched by include pattern '**/*.ts' in 'C:/Users/Elcin Erdemir/Desktop/KOAH/gestacare/tsconfig.json'
    Imported via './colors' from file 'C:/Users/Elcin Erdemir/Desktop/KOAH/gestacare/constants/theme.ts'
    Imported via '../constants/colors' from file 'C:/Users/Elcin Erdemir/Desktop/KOAH/gestacare/app/_layout.tsx'
    Imported via '../../constants/colors' from file 'C:/Users/Elcin Erdemir/Desktop/KOAH/gestacare/app/(auth)/login.tsx'
    Imported via '../../constants/colors' from file 'C:/Users/Elcin Erdemir/Desktop/KOAH/gestacare/components/ui/Input.tsx'
    Imported via '../../constants/colors' from file 'C:/Users/Elcin Erdemir/Desktop/KOAH/gestacare/components/ui/Button.tsx'
    Imported via '../../constants/colors' from file 'C:/Users/Elcin Erdemir/Desktop/KOAH/gestacare/components/ui/Card.tsx'
    Imported via '../../constants/colors' from file 'C:/Users/Elcin Erdemir/Desktop/KOAH/gestacare/app/(tabs)/_layout.tsx'
    Imported via '../../constants/colors' from file 'C:/Users/Elcin Erdemir/Desktop/KOAH/gestacare/app/(tabs)/forms.tsx'
    Imported via '../../constants/colors' from file 'C:/Users/Elcin Erdemir/Desktop/KOAH/gestacare/app/(tabs)/goals.tsx'
    Imported via '../../constants/colors' from file 'C:/Users/Elcin Erdemir/Desktop/KOAH/gestacare/app/(tabs)/index.tsx'
    Imported via '../../constants/colors' from file 'C:/Users/Elcin Erdemir/Desktop/KOAH/gestacare/app/(tabs)/notifications.tsx'
    Imported via '../../constants/colors' from file 'C:/Users/Elcin Erdemir/Desktop/KOAH/gestacare/app/(tabs)/profile.tsx'
    Imported via '../../constants/colors' from file 'C:/Users/Elcin Erdemir/Desktop/KOAH/gestacare/app/activities/add.tsx'
    Imported via '../../constants/colors' from file 'C:/Users/Elcin Erdemir/Desktop/KOAH/gestacare/app/activities/index.tsx'
    Imported via '../../constants/colors' from file 'C:/Users/Elcin Erdemir/Desktop/KOAH/gestacare/components/ui/Badge.tsx'
    Imported via '../../constants/colors' from file 'C:/Users/Elcin Erdemir/Desktop/KOAH/gestacare/components/shared/EmptyState.tsx'
    Imported via '../../constants/colors' from file 'C:/Users/Elcin Erdemir/Desktop/KOAH/gestacare/app/blood-sugar/add.tsx'
    Imported via '../../constants/colors' from file 'C:/Users/Elcin Erdemir/Desktop/KOAH/gestacare/components/ui/Modal.tsx'
    Imported via '../../constants/colors' from file 'C:/Users/Elcin Erdemir/Desktop/KOAH/gestacare/components/shared/WarningModal.tsx'
    Imported via '../../constants/colors' from file 'C:/Users/Elcin Erdemir/Desktop/KOAH/gestacare/app/blood-sugar/index.tsx'
    Imported via '../../constants/colors' from file 'C:/Users/Elcin Erdemir/Desktop/KOAH/gestacare/app/education/index.tsx'
    Imported via '../../constants/colors' from file 'C:/Users/Elcin Erdemir/Desktop/KOAH/gestacare/app/faq/index.tsx'
    Imported via '../../constants/colors' from file 'C:/Users/Elcin Erdemir/Desktop/KOAH/gestacare/app/nutrition/add.tsx'
    Imported via '../../constants/colors' from file 'C:/Users/Elcin Erdemir/Desktop/KOAH/gestacare/components/ui/ProgressBar.tsx'
    Imported via '../../constants/colors' from file 'C:/Users/Elcin Erdemir/Desktop/KOAH/gestacare/app/nutrition/index.tsx'
    Imported via '../../constants/colors' from file 'C:/Users/Elcin Erdemir/Desktop/KOAH/gestacare/app/survey/index.tsx'
    Imported via '../../constants/colors' from file 'C:/Users/Elcin Erdemir/Desktop/KOAH/gestacare/components/shared/LoadingSpinner.tsx'
app/survey/index.tsx(11,24): error TS1149: File name 'C:/Users/Elcin Erdemir/Desktop/KOAH/gestacare/constants/colors.ts' differs from already included file name 'C:/Users/Elcin Erdemir/Desktop/KOAH/gestacare/constants/Colors.ts' only in casing.
  The file is in the program because:
    Matched by include pattern '**/*.ts' in 'C:/Users/Elcin Erdemir/Desktop/KOAH/gestacare/tsconfig.json'
    Imported via './colors' from file 'C:/Users/Elcin Erdemir/Desktop/KOAH/gestacare/constants/theme.ts'
    Imported via '../constants/colors' from file 'C:/Users/Elcin Erdemir/Desktop/KOAH/gestacare/app/_layout.tsx'
    Imported via '../../constants/colors' from file 'C:/Users/Elcin Erdemir/Desktop/KOAH/gestacare/app/(auth)/login.tsx'
    Imported via '../../constants/colors' from file 'C:/Users/Elcin Erdemir/Desktop/KOAH/gestacare/components/ui/Input.tsx'
    Imported via '../../constants/colors' from file 'C:/Users/Elcin Erdemir/Desktop/KOAH/gestacare/components/ui/Button.tsx'
    Imported via '../../constants/colors' from file 'C:/Users/Elcin Erdemir/Desktop/KOAH/gestacare/components/ui/Card.tsx'
    Imported via '../../constants/colors' from file 'C:/Users/Elcin Erdemir/Desktop/KOAH/gestacare/app/(tabs)/_layout.tsx'
    Imported via '../../constants/colors' from file 'C:/Users/Elcin Erdemir/Desktop/KOAH/gestacare/app/(tabs)/forms.tsx'
    Imported via '../../constants/colors' from file 'C:/Users/Elcin Erdemir/Desktop/KOAH/gestacare/app/(tabs)/goals.tsx'
    Imported via '../../constants/colors' from file 'C:/Users/Elcin Erdemir/Desktop/KOAH/gestacare/app/(tabs)/index.tsx'
    Imported via '../../constants/colors' from file 'C:/Users/Elcin Erdemir/Desktop/KOAH/gestacare/app/(tabs)/notifications.tsx'
    Imported via '../../constants/colors' from file 'C:/Users/Elcin Erdemir/Desktop/KOAH/gestacare/app/(tabs)/profile.tsx'
    Imported via '../../constants/colors' from file 'C:/Users/Elcin Erdemir/Desktop/KOAH/gestacare/app/activities/add.tsx'
    Imported via '../../constants/colors' from file 'C:/Users/Elcin Erdemir/Desktop/KOAH/gestacare/app/activities/index.tsx'
    Imported via '../../constants/colors' from file 'C:/Users/Elcin Erdemir/Desktop/KOAH/gestacare/components/ui/Badge.tsx'
    Imported via '../../constants/colors' from file 'C:/Users/Elcin Erdemir/Desktop/KOAH/gestacare/components/shared/EmptyState.tsx'
    Imported via '../../constants/colors' from file 'C:/Users/Elcin Erdemir/Desktop/KOAH/gestacare/app/blood-sugar/add.tsx'
    Imported via '../../constants/colors' from file 'C:/Users/Elcin Erdemir/Desktop/KOAH/gestacare/components/ui/Modal.tsx'
    Imported via '../../constants/colors' from file 'C:/Users/Elcin Erdemir/Desktop/KOAH/gestacare/components/shared/WarningModal.tsx'
    Imported via '../../constants/colors' from file 'C:/Users/Elcin Erdemir/Desktop/KOAH/gestacare/app/blood-sugar/index.tsx'
    Imported via '../../constants/colors' from file 'C:/Users/Elcin Erdemir/Desktop/KOAH/gestacare/app/education/index.tsx'
    Imported via '../../constants/colors' from file 'C:/Users/Elcin Erdemir/Desktop/KOAH/gestacare/app/faq/index.tsx'
    Imported via '../../constants/colors' from file 'C:/Users/Elcin Erdemir/Desktop/KOAH/gestacare/app/nutrition/add.tsx'
    Imported via '../../constants/colors' from file 'C:/Users/Elcin Erdemir/Desktop/KOAH/gestacare/components/ui/ProgressBar.tsx'
    Imported via '../../constants/colors' from file 'C:/Users/Elcin Erdemir/Desktop/KOAH/gestacare/app/nutrition/index.tsx'
    Imported via '../../constants/colors' from file 'C:/Users/Elcin Erdemir/Desktop/KOAH/gestacare/app/survey/index.tsx'
    Imported via '../../constants/colors' from file 'C:/Users/Elcin Erdemir/Desktop/KOAH/gestacare/components/shared/LoadingSpinner.tsx'
app/survey/index.tsx(91,39): error TS2322: Type '(false | { flexDirection: "row"; justifyContent: "space-between"; alignItems: "center"; padding: number; borderWidth: number; borderColor: string; } | { borderColor: string; backgroundColor: string; })[]' is not assignable to type 'ViewStyle'.
  Types of property 'filter' are incompatible.
    Type '{ <S extends false | { flexDirection: "row"; justifyContent: "space-between"; alignItems: "center"; padding: number; borderWidth: number; borderColor: string; } | { borderColor: string; backgroundColor: string; }>(predicate: (value: false | ... 1 more ... | { ...; }, index: number, array: (false | ... 1 more ... | {...' is not assignable to type 'string | readonly FilterFunction[] | undefined'.
app/survey/index.tsx(114,21): error TS2322: Type '{ flex: number; }[]' is not assignable to type 'ViewStyle'.
  Types of property 'filter' are incompatible.
    Type '{ <S extends { flex: number; }>(predicate: (value: { flex: number; }, index: number, array: { flex: number; }[]) => value is S, thisArg?: any): S[]; (predicate: (value: { flex: number; }, index: number, array: { flex: number; }[]) => unknown, thisArg?: any): { ...; }[]; }' is not assignable to type 'string | readonly FilterFunction[] | undefined'.
components/shared/EmptyState.tsx(4,24): error TS1149: File name 'C:/Users/Elcin Erdemir/Desktop/KOAH/gestacare/constants/colors.ts' differs from already included file name 'C:/Users/Elcin Erdemir/Desktop/KOAH/gestacare/constants/Colors.ts' only in casing.
  The file is in the program because:
    Matched by include pattern '**/*.ts' in 'C:/Users/Elcin Erdemir/Desktop/KOAH/gestacare/tsconfig.json'
    Imported via './colors' from file 'C:/Users/Elcin Erdemir/Desktop/KOAH/gestacare/constants/theme.ts'
    Imported via '../constants/colors' from file 'C:/Users/Elcin Erdemir/Desktop/KOAH/gestacare/app/_layout.tsx'
    Imported via '../../constants/colors' from file 'C:/Users/Elcin Erdemir/Desktop/KOAH/gestacare/app/(auth)/login.tsx'
    Imported via '../../constants/colors' from file 'C:/Users/Elcin Erdemir/Desktop/KOAH/gestacare/components/ui/Input.tsx'
    Imported via '../../constants/colors' from file 'C:/Users/Elcin Erdemir/Desktop/KOAH/gestacare/components/ui/Button.tsx'
    Imported via '../../constants/colors' from file 'C:/Users/Elcin Erdemir/Desktop/KOAH/gestacare/components/ui/Card.tsx'
    Imported via '../../constants/colors' from file 'C:/Users/Elcin Erdemir/Desktop/KOAH/gestacare/app/(tabs)/_layout.tsx'
    Imported via '../../constants/colors' from file 'C:/Users/Elcin Erdemir/Desktop/KOAH/gestacare/app/(tabs)/forms.tsx'
    Imported via '../../constants/colors' from file 'C:/Users/Elcin Erdemir/Desktop/KOAH/gestacare/app/(tabs)/goals.tsx'
    Imported via '../../constants/colors' from file 'C:/Users/Elcin Erdemir/Desktop/KOAH/gestacare/app/(tabs)/index.tsx'
    Imported via '../../constants/colors' from file 'C:/Users/Elcin Erdemir/Desktop/KOAH/gestacare/app/(tabs)/notifications.tsx'
    Imported via '../../constants/colors' from file 'C:/Users/Elcin Erdemir/Desktop/KOAH/gestacare/app/(tabs)/profile.tsx'
    Imported via '../../constants/colors' from file 'C:/Users/Elcin Erdemir/Desktop/KOAH/gestacare/app/activities/add.tsx'
    Imported via '../../constants/colors' from file 'C:/Users/Elcin Erdemir/Desktop/KOAH/gestacare/app/activities/index.tsx'
    Imported via '../../constants/colors' from file 'C:/Users/Elcin Erdemir/Desktop/KOAH/gestacare/components/ui/Badge.tsx'
    Imported via '../../constants/colors' from file 'C:/Users/Elcin Erdemir/Desktop/KOAH/gestacare/components/shared/EmptyState.tsx'
    Imported via '../../constants/colors' from file 'C:/Users/Elcin Erdemir/Desktop/KOAH/gestacare/app/blood-sugar/add.tsx'
    Imported via '../../constants/colors' from file 'C:/Users/Elcin Erdemir/Desktop/KOAH/gestacare/components/ui/Modal.tsx'
    Imported via '../../constants/colors' from file 'C:/Users/Elcin Erdemir/Desktop/KOAH/gestacare/components/shared/WarningModal.tsx'
    Imported via '../../constants/colors' from file 'C:/Users/Elcin Erdemir/Desktop/KOAH/gestacare/app/blood-sugar/index.tsx'
    Imported via '../../constants/colors' from file 'C:/Users/Elcin Erdemir/Desktop/KOAH/gestacare/app/education/index.tsx'
    Imported via '../../constants/colors' from file 'C:/Users/Elcin Erdemir/Desktop/KOAH/gestacare/app/faq/index.tsx'
    Imported via '../../constants/colors' from file 'C:/Users/Elcin Erdemir/Desktop/KOAH/gestacare/app/nutrition/add.tsx'
    Imported via '../../constants/colors' from file 'C:/Users/Elcin Erdemir/Desktop/KOAH/gestacare/components/ui/ProgressBar.tsx'
    Imported via '../../constants/colors' from file 'C:/Users/Elcin Erdemir/Desktop/KOAH/gestacare/app/nutrition/index.tsx'
    Imported via '../../constants/colors' from file 'C:/Users/Elcin Erdemir/Desktop/KOAH/gestacare/app/survey/index.tsx'
    Imported via '../../constants/colors' from file 'C:/Users/Elcin Erdemir/Desktop/KOAH/gestacare/components/shared/LoadingSpinner.tsx'
components/shared/LoadingSpinner.tsx(3,24): error TS1149: File name 'C:/Users/Elcin Erdemir/Desktop/KOAH/gestacare/constants/colors.ts' differs from already included file name 'C:/Users/Elcin Erdemir/Desktop/KOAH/gestacare/constants/Colors.ts' only in casing.
  The file is in the program because:
    Matched by include pattern '**/*.ts' in 'C:/Users/Elcin Erdemir/Desktop/KOAH/gestacare/tsconfig.json'
    Imported via './colors' from file 'C:/Users/Elcin Erdemir/Desktop/KOAH/gestacare/constants/theme.ts'
    Imported via '../constants/colors' from file 'C:/Users/Elcin Erdemir/Desktop/KOAH/gestacare/app/_layout.tsx'
    Imported via '../../constants/colors' from file 'C:/Users/Elcin Erdemir/Desktop/KOAH/gestacare/app/(auth)/login.tsx'
    Imported via '../../constants/colors' from file 'C:/Users/Elcin Erdemir/Desktop/KOAH/gestacare/components/ui/Input.tsx'
    Imported via '../../constants/colors' from file 'C:/Users/Elcin Erdemir/Desktop/KOAH/gestacare/components/ui/Button.tsx'
    Imported via '../../constants/colors' from file 'C:/Users/Elcin Erdemir/Desktop/KOAH/gestacare/components/ui/Card.tsx'
    Imported via '../../constants/colors' from file 'C:/Users/Elcin Erdemir/Desktop/KOAH/gestacare/app/(tabs)/_layout.tsx'
    Imported via '../../constants/colors' from file 'C:/Users/Elcin Erdemir/Desktop/KOAH/gestacare/app/(tabs)/forms.tsx'
    Imported via '../../constants/colors' from file 'C:/Users/Elcin Erdemir/Desktop/KOAH/gestacare/app/(tabs)/goals.tsx'
    Imported via '../../constants/colors' from file 'C:/Users/Elcin Erdemir/Desktop/KOAH/gestacare/app/(tabs)/index.tsx'
    Imported via '../../constants/colors' from file 'C:/Users/Elcin Erdemir/Desktop/KOAH/gestacare/app/(tabs)/notifications.tsx'
    Imported via '../../constants/colors' from file 'C:/Users/Elcin Erdemir/Desktop/KOAH/gestacare/app/(tabs)/profile.tsx'
    Imported via '../../constants/colors' from file 'C:/Users/Elcin Erdemir/Desktop/KOAH/gestacare/app/activities/add.tsx'
    Imported via '../../constants/colors' from file 'C:/Users/Elcin Erdemir/Desktop/KOAH/gestacare/app/activities/index.tsx'
    Imported via '../../constants/colors' from file 'C:/Users/Elcin Erdemir/Desktop/KOAH/gestacare/components/ui/Badge.tsx'
    Imported via '../../constants/colors' from file 'C:/Users/Elcin Erdemir/Desktop/KOAH/gestacare/components/shared/EmptyState.tsx'
    Imported via '../../constants/colors' from file 'C:/Users/Elcin Erdemir/Desktop/KOAH/gestacare/app/blood-sugar/add.tsx'
    Imported via '../../constants/colors' from file 'C:/Users/Elcin Erdemir/Desktop/KOAH/gestacare/components/ui/Modal.tsx'
    Imported via '../../constants/colors' from file 'C:/Users/Elcin Erdemir/Desktop/KOAH/gestacare/components/shared/WarningModal.tsx'
    Imported via '../../constants/colors' from file 'C:/Users/Elcin Erdemir/Desktop/KOAH/gestacare/app/blood-sugar/index.tsx'
    Imported via '../../constants/colors' from file 'C:/Users/Elcin Erdemir/Desktop/KOAH/gestacare/app/education/index.tsx'
    Imported via '../../constants/colors' from file 'C:/Users/Elcin Erdemir/Desktop/KOAH/gestacare/app/faq/index.tsx'
    Imported via '../../constants/colors' from file 'C:/Users/Elcin Erdemir/Desktop/KOAH/gestacare/app/nutrition/add.tsx'
    Imported via '../../constants/colors' from file 'C:/Users/Elcin Erdemir/Desktop/KOAH/gestacare/components/ui/ProgressBar.tsx'
    Imported via '../../constants/colors' from file 'C:/Users/Elcin Erdemir/Desktop/KOAH/gestacare/app/nutrition/index.tsx'
    Imported via '../../constants/colors' from file 'C:/Users/Elcin Erdemir/Desktop/KOAH/gestacare/app/survey/index.tsx'
    Imported via '../../constants/colors' from file 'C:/Users/Elcin Erdemir/Desktop/KOAH/gestacare/components/shared/LoadingSpinner.tsx'
components/shared/WarningModal.tsx(6,24): error TS1149: File name 'C:/Users/Elcin Erdemir/Desktop/KOAH/gestacare/constants/colors.ts' differs from already included file name 'C:/Users/Elcin Erdemir/Desktop/KOAH/gestacare/constants/Colors.ts' only in casing.
  The file is in the program because:
    Matched by include pattern '**/*.ts' in 'C:/Users/Elcin Erdemir/Desktop/KOAH/gestacare/tsconfig.json'
    Imported via './colors' from file 'C:/Users/Elcin Erdemir/Desktop/KOAH/gestacare/constants/theme.ts'
    Imported via '../constants/colors' from file 'C:/Users/Elcin Erdemir/Desktop/KOAH/gestacare/app/_layout.tsx'
    Imported via '../../constants/colors' from file 'C:/Users/Elcin Erdemir/Desktop/KOAH/gestacare/app/(auth)/login.tsx'
    Imported via '../../constants/colors' from file 'C:/Users/Elcin Erdemir/Desktop/KOAH/gestacare/components/ui/Input.tsx'
    Imported via '../../constants/colors' from file 'C:/Users/Elcin Erdemir/Desktop/KOAH/gestacare/components/ui/Button.tsx'
    Imported via '../../constants/colors' from file 'C:/Users/Elcin Erdemir/Desktop/KOAH/gestacare/components/ui/Card.tsx'
    Imported via '../../constants/colors' from file 'C:/Users/Elcin Erdemir/Desktop/KOAH/gestacare/app/(tabs)/_layout.tsx'
    Imported via '../../constants/colors' from file 'C:/Users/Elcin Erdemir/Desktop/KOAH/gestacare/app/(tabs)/forms.tsx'
    Imported via '../../constants/colors' from file 'C:/Users/Elcin Erdemir/Desktop/KOAH/gestacare/app/(tabs)/goals.tsx'
    Imported via '../../constants/colors' from file 'C:/Users/Elcin Erdemir/Desktop/KOAH/gestacare/app/(tabs)/index.tsx'
    Imported via '../../constants/colors' from file 'C:/Users/Elcin Erdemir/Desktop/KOAH/gestacare/app/(tabs)/notifications.tsx'
    Imported via '../../constants/colors' from file 'C:/Users/Elcin Erdemir/Desktop/KOAH/gestacare/app/(tabs)/profile.tsx'
    Imported via '../../constants/colors' from file 'C:/Users/Elcin Erdemir/Desktop/KOAH/gestacare/app/activities/add.tsx'
    Imported via '../../constants/colors' from file 'C:/Users/Elcin Erdemir/Desktop/KOAH/gestacare/app/activities/index.tsx'
    Imported via '../../constants/colors' from file 'C:/Users/Elcin Erdemir/Desktop/KOAH/gestacare/components/ui/Badge.tsx'
    Imported via '../../constants/colors' from file 'C:/Users/Elcin Erdemir/Desktop/KOAH/gestacare/components/shared/EmptyState.tsx'
    Imported via '../../constants/colors' from file 'C:/Users/Elcin Erdemir/Desktop/KOAH/gestacare/app/blood-sugar/add.tsx'
    Imported via '../../constants/colors' from file 'C:/Users/Elcin Erdemir/Desktop/KOAH/gestacare/components/ui/Modal.tsx'
    Imported via '../../constants/colors' from file 'C:/Users/Elcin Erdemir/Desktop/KOAH/gestacare/components/shared/WarningModal.tsx'
    Imported via '../../constants/colors' from file 'C:/Users/Elcin Erdemir/Desktop/KOAH/gestacare/app/blood-sugar/index.tsx'
    Imported via '../../constants/colors' from file 'C:/Users/Elcin Erdemir/Desktop/KOAH/gestacare/app/education/index.tsx'
    Imported via '../../constants/colors' from file 'C:/Users/Elcin Erdemir/Desktop/KOAH/gestacare/app/faq/index.tsx'
    Imported via '../../constants/colors' from file 'C:/Users/Elcin Erdemir/Desktop/KOAH/gestacare/app/nutrition/add.tsx'
    Imported via '../../constants/colors' from file 'C:/Users/Elcin Erdemir/Desktop/KOAH/gestacare/components/ui/ProgressBar.tsx'
    Imported via '../../constants/colors' from file 'C:/Users/Elcin Erdemir/Desktop/KOAH/gestacare/app/nutrition/index.tsx'
    Imported via '../../constants/colors' from file 'C:/Users/Elcin Erdemir/Desktop/KOAH/gestacare/app/survey/index.tsx'
    Imported via '../../constants/colors' from file 'C:/Users/Elcin Erdemir/Desktop/KOAH/gestacare/components/shared/LoadingSpinner.tsx'
components/ui/Badge.tsx(3,24): error TS1149: File name 'C:/Users/Elcin Erdemir/Desktop/KOAH/gestacare/constants/colors.ts' differs from already included file name 'C:/Users/Elcin Erdemir/Desktop/KOAH/gestacare/constants/Colors.ts' only in casing.
  The file is in the program because:
    Matched by include pattern '**/*.ts' in 'C:/Users/Elcin Erdemir/Desktop/KOAH/gestacare/tsconfig.json'
    Imported via './colors' from file 'C:/Users/Elcin Erdemir/Desktop/KOAH/gestacare/constants/theme.ts'
    Imported via '../constants/colors' from file 'C:/Users/Elcin Erdemir/Desktop/KOAH/gestacare/app/_layout.tsx'
    Imported via '../../constants/colors' from file 'C:/Users/Elcin Erdemir/Desktop/KOAH/gestacare/app/(auth)/login.tsx'
    Imported via '../../constants/colors' from file 'C:/Users/Elcin Erdemir/Desktop/KOAH/gestacare/components/ui/Input.tsx'
    Imported via '../../constants/colors' from file 'C:/Users/Elcin Erdemir/Desktop/KOAH/gestacare/components/ui/Button.tsx'
    Imported via '../../constants/colors' from file 'C:/Users/Elcin Erdemir/Desktop/KOAH/gestacare/components/ui/Card.tsx'
    Imported via '../../constants/colors' from file 'C:/Users/Elcin Erdemir/Desktop/KOAH/gestacare/app/(tabs)/_layout.tsx'
    Imported via '../../constants/colors' from file 'C:/Users/Elcin Erdemir/Desktop/KOAH/gestacare/app/(tabs)/forms.tsx'
    Imported via '../../constants/colors' from file 'C:/Users/Elcin Erdemir/Desktop/KOAH/gestacare/app/(tabs)/goals.tsx'
    Imported via '../../constants/colors' from file 'C:/Users/Elcin Erdemir/Desktop/KOAH/gestacare/app/(tabs)/index.tsx'
    Imported via '../../constants/colors' from file 'C:/Users/Elcin Erdemir/Desktop/KOAH/gestacare/app/(tabs)/notifications.tsx'
    Imported via '../../constants/colors' from file 'C:/Users/Elcin Erdemir/Desktop/KOAH/gestacare/app/(tabs)/profile.tsx'
    Imported via '../../constants/colors' from file 'C:/Users/Elcin Erdemir/Desktop/KOAH/gestacare/app/activities/add.tsx'
    Imported via '../../constants/colors' from file 'C:/Users/Elcin Erdemir/Desktop/KOAH/gestacare/app/activities/index.tsx'
    Imported via '../../constants/colors' from file 'C:/Users/Elcin Erdemir/Desktop/KOAH/gestacare/components/ui/Badge.tsx'
    Imported via '../../constants/colors' from file 'C:/Users/Elcin Erdemir/Desktop/KOAH/gestacare/components/shared/EmptyState.tsx'
    Imported via '../../constants/colors' from file 'C:/Users/Elcin Erdemir/Desktop/KOAH/gestacare/app/blood-sugar/add.tsx'
    Imported via '../../constants/colors' from file 'C:/Users/Elcin Erdemir/Desktop/KOAH/gestacare/components/ui/Modal.tsx'
    Imported via '../../constants/colors' from file 'C:/Users/Elcin Erdemir/Desktop/KOAH/gestacare/components/shared/WarningModal.tsx'
    Imported via '../../constants/colors' from file 'C:/Users/Elcin Erdemir/Desktop/KOAH/gestacare/app/blood-sugar/index.tsx'
    Imported via '../../constants/colors' from file 'C:/Users/Elcin Erdemir/Desktop/KOAH/gestacare/app/education/index.tsx'
    Imported via '../../constants/colors' from file 'C:/Users/Elcin Erdemir/Desktop/KOAH/gestacare/app/faq/index.tsx'
    Imported via '../../constants/colors' from file 'C:/Users/Elcin Erdemir/Desktop/KOAH/gestacare/app/nutrition/add.tsx'
    Imported via '../../constants/colors' from file 'C:/Users/Elcin Erdemir/Desktop/KOAH/gestacare/components/ui/ProgressBar.tsx'
    Imported via '../../constants/colors' from file 'C:/Users/Elcin Erdemir/Desktop/KOAH/gestacare/app/nutrition/index.tsx'
    Imported via '../../constants/colors' from file 'C:/Users/Elcin Erdemir/Desktop/KOAH/gestacare/app/survey/index.tsx'
    Imported via '../../constants/colors' from file 'C:/Users/Elcin Erdemir/Desktop/KOAH/gestacare/components/shared/LoadingSpinner.tsx'
components/ui/Button.tsx(12,24): error TS1149: File name 'C:/Users/Elcin Erdemir/Desktop/KOAH/gestacare/constants/colors.ts' differs from already included file name 'C:/Users/Elcin Erdemir/Desktop/KOAH/gestacare/constants/Colors.ts' only in casing.
  The file is in the program because:
    Matched by include pattern '**/*.ts' in 'C:/Users/Elcin Erdemir/Desktop/KOAH/gestacare/tsconfig.json'
    Imported via './colors' from file 'C:/Users/Elcin Erdemir/Desktop/KOAH/gestacare/constants/theme.ts'
    Imported via '../constants/colors' from file 'C:/Users/Elcin Erdemir/Desktop/KOAH/gestacare/app/_layout.tsx'
    Imported via '../../constants/colors' from file 'C:/Users/Elcin Erdemir/Desktop/KOAH/gestacare/app/(auth)/login.tsx'
    Imported via '../../constants/colors' from file 'C:/Users/Elcin Erdemir/Desktop/KOAH/gestacare/components/ui/Input.tsx'
    Imported via '../../constants/colors' from file 'C:/Users/Elcin Erdemir/Desktop/KOAH/gestacare/components/ui/Button.tsx'
    Imported via '../../constants/colors' from file 'C:/Users/Elcin Erdemir/Desktop/KOAH/gestacare/components/ui/Card.tsx'
    Imported via '../../constants/colors' from file 'C:/Users/Elcin Erdemir/Desktop/KOAH/gestacare/app/(tabs)/_layout.tsx'
    Imported via '../../constants/colors' from file 'C:/Users/Elcin Erdemir/Desktop/KOAH/gestacare/app/(tabs)/forms.tsx'
    Imported via '../../constants/colors' from file 'C:/Users/Elcin Erdemir/Desktop/KOAH/gestacare/app/(tabs)/goals.tsx'
    Imported via '../../constants/colors' from file 'C:/Users/Elcin Erdemir/Desktop/KOAH/gestacare/app/(tabs)/index.tsx'
    Imported via '../../constants/colors' from file 'C:/Users/Elcin Erdemir/Desktop/KOAH/gestacare/app/(tabs)/notifications.tsx'
    Imported via '../../constants/colors' from file 'C:/Users/Elcin Erdemir/Desktop/KOAH/gestacare/app/(tabs)/profile.tsx'
    Imported via '../../constants/colors' from file 'C:/Users/Elcin Erdemir/Desktop/KOAH/gestacare/app/activities/add.tsx'
    Imported via '../../constants/colors' from file 'C:/Users/Elcin Erdemir/Desktop/KOAH/gestacare/app/activities/index.tsx'
    Imported via '../../constants/colors' from file 'C:/Users/Elcin Erdemir/Desktop/KOAH/gestacare/components/ui/Badge.tsx'
    Imported via '../../constants/colors' from file 'C:/Users/Elcin Erdemir/Desktop/KOAH/gestacare/components/shared/EmptyState.tsx'
    Imported via '../../constants/colors' from file 'C:/Users/Elcin Erdemir/Desktop/KOAH/gestacare/app/blood-sugar/add.tsx'
    Imported via '../../constants/colors' from file 'C:/Users/Elcin Erdemir/Desktop/KOAH/gestacare/components/ui/Modal.tsx'
    Imported via '../../constants/colors' from file 'C:/Users/Elcin Erdemir/Desktop/KOAH/gestacare/components/shared/WarningModal.tsx'
    Imported via '../../constants/colors' from file 'C:/Users/Elcin Erdemir/Desktop/KOAH/gestacare/app/blood-sugar/index.tsx'
    Imported via '../../constants/colors' from file 'C:/Users/Elcin Erdemir/Desktop/KOAH/gestacare/app/education/index.tsx'
    Imported via '../../constants/colors' from file 'C:/Users/Elcin Erdemir/Desktop/KOAH/gestacare/app/faq/index.tsx'
    Imported via '../../constants/colors' from file 'C:/Users/Elcin Erdemir/Desktop/KOAH/gestacare/app/nutrition/add.tsx'
    Imported via '../../constants/colors' from file 'C:/Users/Elcin Erdemir/Desktop/KOAH/gestacare/components/ui/ProgressBar.tsx'
    Imported via '../../constants/colors' from file 'C:/Users/Elcin Erdemir/Desktop/KOAH/gestacare/app/nutrition/index.tsx'
    Imported via '../../constants/colors' from file 'C:/Users/Elcin Erdemir/Desktop/KOAH/gestacare/app/survey/index.tsx'
    Imported via '../../constants/colors' from file 'C:/Users/Elcin Erdemir/Desktop/KOAH/gestacare/components/shared/LoadingSpinner.tsx'
components/ui/Button.tsx(107,21): error TS2769: No overload matches this call.
  Overload 1 of 2, '(props: LinearGradientProps): LinearGradient', gave the following error.
    Type 'string[]' is not assignable to type 'readonly [ColorValue, ColorValue, ...ColorValue[]]'.
      Source provides no match for required element at position 0 in target.
  Overload 2 of 2, '(props: LinearGradientProps, context: any): LinearGradient', gave the following error.
    Type 'string[]' is not assignable to type 'readonly [ColorValue, ColorValue, ...ColorValue[]]'.
      Source provides no match for required element at position 0 in target.
components/ui/Card.tsx(3,24): error TS1149: File name 'C:/Users/Elcin Erdemir/Desktop/KOAH/gestacare/constants/colors.ts' differs from already included file name 'C:/Users/Elcin Erdemir/Desktop/KOAH/gestacare/constants/Colors.ts' only in casing.
  The file is in the program because:
    Matched by include pattern '**/*.ts' in 'C:/Users/Elcin Erdemir/Desktop/KOAH/gestacare/tsconfig.json'
    Imported via './colors' from file 'C:/Users/Elcin Erdemir/Desktop/KOAH/gestacare/constants/theme.ts'
    Imported via '../constants/colors' from file 'C:/Users/Elcin Erdemir/Desktop/KOAH/gestacare/app/_layout.tsx'
    Imported via '../../constants/colors' from file 'C:/Users/Elcin Erdemir/Desktop/KOAH/gestacare/app/(auth)/login.tsx'
    Imported via '../../constants/colors' from file 'C:/Users/Elcin Erdemir/Desktop/KOAH/gestacare/components/ui/Input.tsx'
    Imported via '../../constants/colors' from file 'C:/Users/Elcin Erdemir/Desktop/KOAH/gestacare/components/ui/Button.tsx'
    Imported via '../../constants/colors' from file 'C:/Users/Elcin Erdemir/Desktop/KOAH/gestacare/components/ui/Card.tsx'
    Imported via '../../constants/colors' from file 'C:/Users/Elcin Erdemir/Desktop/KOAH/gestacare/app/(tabs)/_layout.tsx'
    Imported via '../../constants/colors' from file 'C:/Users/Elcin Erdemir/Desktop/KOAH/gestacare/app/(tabs)/forms.tsx'
    Imported via '../../constants/colors' from file 'C:/Users/Elcin Erdemir/Desktop/KOAH/gestacare/app/(tabs)/goals.tsx'
    Imported via '../../constants/colors' from file 'C:/Users/Elcin Erdemir/Desktop/KOAH/gestacare/app/(tabs)/index.tsx'
    Imported via '../../constants/colors' from file 'C:/Users/Elcin Erdemir/Desktop/KOAH/gestacare/app/(tabs)/notifications.tsx'
    Imported via '../../constants/colors' from file 'C:/Users/Elcin Erdemir/Desktop/KOAH/gestacare/app/(tabs)/profile.tsx'
    Imported via '../../constants/colors' from file 'C:/Users/Elcin Erdemir/Desktop/KOAH/gestacare/app/activities/add.tsx'
    Imported via '../../constants/colors' from file 'C:/Users/Elcin Erdemir/Desktop/KOAH/gestacare/app/activities/index.tsx'
    Imported via '../../constants/colors' from file 'C:/Users/Elcin Erdemir/Desktop/KOAH/gestacare/components/ui/Badge.tsx'
    Imported via '../../constants/colors' from file 'C:/Users/Elcin Erdemir/Desktop/KOAH/gestacare/components/shared/EmptyState.tsx'
    Imported via '../../constants/colors' from file 'C:/Users/Elcin Erdemir/Desktop/KOAH/gestacare/app/blood-sugar/add.tsx'
    Imported via '../../constants/colors' from file 'C:/Users/Elcin Erdemir/Desktop/KOAH/gestacare/components/ui/Modal.tsx'
    Imported via '../../constants/colors' from file 'C:/Users/Elcin Erdemir/Desktop/KOAH/gestacare/components/shared/WarningModal.tsx'
    Imported via '../../constants/colors' from file 'C:/Users/Elcin Erdemir/Desktop/KOAH/gestacare/app/blood-sugar/index.tsx'
    Imported via '../../constants/colors' from file 'C:/Users/Elcin Erdemir/Desktop/KOAH/gestacare/app/education/index.tsx'
    Imported via '../../constants/colors' from file 'C:/Users/Elcin Erdemir/Desktop/KOAH/gestacare/app/faq/index.tsx'
    Imported via '../../constants/colors' from file 'C:/Users/Elcin Erdemir/Desktop/KOAH/gestacare/app/nutrition/add.tsx'
    Imported via '../../constants/colors' from file 'C:/Users/Elcin Erdemir/Desktop/KOAH/gestacare/components/ui/ProgressBar.tsx'
    Imported via '../../constants/colors' from file 'C:/Users/Elcin Erdemir/Desktop/KOAH/gestacare/app/nutrition/index.tsx'
    Imported via '../../constants/colors' from file 'C:/Users/Elcin Erdemir/Desktop/KOAH/gestacare/app/survey/index.tsx'
    Imported via '../../constants/colors' from file 'C:/Users/Elcin Erdemir/Desktop/KOAH/gestacare/components/shared/LoadingSpinner.tsx'
components/ui/Input.tsx(12,24): error TS1149: File name 'C:/Users/Elcin Erdemir/Desktop/KOAH/gestacare/constants/colors.ts' differs from already included file name 'C:/Users/Elcin Erdemir/Desktop/KOAH/gestacare/constants/Colors.ts' only in casing.
  The file is in the program because:
    Matched by include pattern '**/*.ts' in 'C:/Users/Elcin Erdemir/Desktop/KOAH/gestacare/tsconfig.json'
    Imported via './colors' from file 'C:/Users/Elcin Erdemir/Desktop/KOAH/gestacare/constants/theme.ts'
    Imported via '../constants/colors' from file 'C:/Users/Elcin Erdemir/Desktop/KOAH/gestacare/app/_layout.tsx'
    Imported via '../../constants/colors' from file 'C:/Users/Elcin Erdemir/Desktop/KOAH/gestacare/app/(auth)/login.tsx'
    Imported via '../../constants/colors' from file 'C:/Users/Elcin Erdemir/Desktop/KOAH/gestacare/components/ui/Input.tsx'
    Imported via '../../constants/colors' from file 'C:/Users/Elcin Erdemir/Desktop/KOAH/gestacare/components/ui/Button.tsx'
    Imported via '../../constants/colors' from file 'C:/Users/Elcin Erdemir/Desktop/KOAH/gestacare/components/ui/Card.tsx'
    Imported via '../../constants/colors' from file 'C:/Users/Elcin Erdemir/Desktop/KOAH/gestacare/app/(tabs)/_layout.tsx'
    Imported via '../../constants/colors' from file 'C:/Users/Elcin Erdemir/Desktop/KOAH/gestacare/app/(tabs)/forms.tsx'
    Imported via '../../constants/colors' from file 'C:/Users/Elcin Erdemir/Desktop/KOAH/gestacare/app/(tabs)/goals.tsx'
    Imported via '../../constants/colors' from file 'C:/Users/Elcin Erdemir/Desktop/KOAH/gestacare/app/(tabs)/index.tsx'
    Imported via '../../constants/colors' from file 'C:/Users/Elcin Erdemir/Desktop/KOAH/gestacare/app/(tabs)/notifications.tsx'
    Imported via '../../constants/colors' from file 'C:/Users/Elcin Erdemir/Desktop/KOAH/gestacare/app/(tabs)/profile.tsx'
    Imported via '../../constants/colors' from file 'C:/Users/Elcin Erdemir/Desktop/KOAH/gestacare/app/activities/add.tsx'
    Imported via '../../constants/colors' from file 'C:/Users/Elcin Erdemir/Desktop/KOAH/gestacare/app/activities/index.tsx'
    Imported via '../../constants/colors' from file 'C:/Users/Elcin Erdemir/Desktop/KOAH/gestacare/components/ui/Badge.tsx'
    Imported via '../../constants/colors' from file 'C:/Users/Elcin Erdemir/Desktop/KOAH/gestacare/components/shared/EmptyState.tsx'
    Imported via '../../constants/colors' from file 'C:/Users/Elcin Erdemir/Desktop/KOAH/gestacare/app/blood-sugar/add.tsx'
    Imported via '../../constants/colors' from file 'C:/Users/Elcin Erdemir/Desktop/KOAH/gestacare/components/ui/Modal.tsx'
    Imported via '../../constants/colors' from file 'C:/Users/Elcin Erdemir/Desktop/KOAH/gestacare/components/shared/WarningModal.tsx'
    Imported via '../../constants/colors' from file 'C:/Users/Elcin Erdemir/Desktop/KOAH/gestacare/app/blood-sugar/index.tsx'
    Imported via '../../constants/colors' from file 'C:/Users/Elcin Erdemir/Desktop/KOAH/gestacare/app/education/index.tsx'
    Imported via '../../constants/colors' from file 'C:/Users/Elcin Erdemir/Desktop/KOAH/gestacare/app/faq/index.tsx'
    Imported via '../../constants/colors' from file 'C:/Users/Elcin Erdemir/Desktop/KOAH/gestacare/app/nutrition/add.tsx'
    Imported via '../../constants/colors' from file 'C:/Users/Elcin Erdemir/Desktop/KOAH/gestacare/components/ui/ProgressBar.tsx'
    Imported via '../../constants/colors' from file 'C:/Users/Elcin Erdemir/Desktop/KOAH/gestacare/app/nutrition/index.tsx'
    Imported via '../../constants/colors' from file 'C:/Users/Elcin Erdemir/Desktop/KOAH/gestacare/app/survey/index.tsx'
    Imported via '../../constants/colors' from file 'C:/Users/Elcin Erdemir/Desktop/KOAH/gestacare/components/shared/LoadingSpinner.tsx'
components/ui/Modal.tsx(13,24): error TS1149: File name 'C:/Users/Elcin Erdemir/Desktop/KOAH/gestacare/constants/colors.ts' differs from already included file name 'C:/Users/Elcin Erdemir/Desktop/KOAH/gestacare/constants/Colors.ts' only in casing.
  The file is in the program because:
    Matched by include pattern '**/*.ts' in 'C:/Users/Elcin Erdemir/Desktop/KOAH/gestacare/tsconfig.json'
    Imported via './colors' from file 'C:/Users/Elcin Erdemir/Desktop/KOAH/gestacare/constants/theme.ts'
    Imported via '../constants/colors' from file 'C:/Users/Elcin Erdemir/Desktop/KOAH/gestacare/app/_layout.tsx'
    Imported via '../../constants/colors' from file 'C:/Users/Elcin Erdemir/Desktop/KOAH/gestacare/app/(auth)/login.tsx'
    Imported via '../../constants/colors' from file 'C:/Users/Elcin Erdemir/Desktop/KOAH/gestacare/components/ui/Input.tsx'
    Imported via '../../constants/colors' from file 'C:/Users/Elcin Erdemir/Desktop/KOAH/gestacare/components/ui/Button.tsx'
    Imported via '../../constants/colors' from file 'C:/Users/Elcin Erdemir/Desktop/KOAH/gestacare/components/ui/Card.tsx'
    Imported via '../../constants/colors' from file 'C:/Users/Elcin Erdemir/Desktop/KOAH/gestacare/app/(tabs)/_layout.tsx'
    Imported via '../../constants/colors' from file 'C:/Users/Elcin Erdemir/Desktop/KOAH/gestacare/app/(tabs)/forms.tsx'
    Imported via '../../constants/colors' from file 'C:/Users/Elcin Erdemir/Desktop/KOAH/gestacare/app/(tabs)/goals.tsx'
    Imported via '../../constants/colors' from file 'C:/Users/Elcin Erdemir/Desktop/KOAH/gestacare/app/(tabs)/index.tsx'
    Imported via '../../constants/colors' from file 'C:/Users/Elcin Erdemir/Desktop/KOAH/gestacare/app/(tabs)/notifications.tsx'
    Imported via '../../constants/colors' from file 'C:/Users/Elcin Erdemir/Desktop/KOAH/gestacare/app/(tabs)/profile.tsx'
    Imported via '../../constants/colors' from file 'C:/Users/Elcin Erdemir/Desktop/KOAH/gestacare/app/activities/add.tsx'
    Imported via '../../constants/colors' from file 'C:/Users/Elcin Erdemir/Desktop/KOAH/gestacare/app/activities/index.tsx'
    Imported via '../../constants/colors' from file 'C:/Users/Elcin Erdemir/Desktop/KOAH/gestacare/components/ui/Badge.tsx'
    Imported via '../../constants/colors' from file 'C:/Users/Elcin Erdemir/Desktop/KOAH/gestacare/components/shared/EmptyState.tsx'
    Imported via '../../constants/colors' from file 'C:/Users/Elcin Erdemir/Desktop/KOAH/gestacare/app/blood-sugar/add.tsx'
    Imported via '../../constants/colors' from file 'C:/Users/Elcin Erdemir/Desktop/KOAH/gestacare/components/ui/Modal.tsx'
    Imported via '../../constants/colors' from file 'C:/Users/Elcin Erdemir/Desktop/KOAH/gestacare/components/shared/WarningModal.tsx'
    Imported via '../../constants/colors' from file 'C:/Users/Elcin Erdemir/Desktop/KOAH/gestacare/app/blood-sugar/index.tsx'
    Imported via '../../constants/colors' from file 'C:/Users/Elcin Erdemir/Desktop/KOAH/gestacare/app/education/index.tsx'
    Imported via '../../constants/colors' from file 'C:/Users/Elcin Erdemir/Desktop/KOAH/gestacare/app/faq/index.tsx'
    Imported via '../../constants/colors' from file 'C:/Users/Elcin Erdemir/Desktop/KOAH/gestacare/app/nutrition/add.tsx'
    Imported via '../../constants/colors' from file 'C:/Users/Elcin Erdemir/Desktop/KOAH/gestacare/components/ui/ProgressBar.tsx'
    Imported via '../../constants/colors' from file 'C:/Users/Elcin Erdemir/Desktop/KOAH/gestacare/app/nutrition/index.tsx'
    Imported via '../../constants/colors' from file 'C:/Users/Elcin Erdemir/Desktop/KOAH/gestacare/app/survey/index.tsx'
    Imported via '../../constants/colors' from file 'C:/Users/Elcin Erdemir/Desktop/KOAH/gestacare/components/shared/LoadingSpinner.tsx'
components/ui/ProgressBar.tsx(3,24): error TS1149: File name 'C:/Users/Elcin Erdemir/Desktop/KOAH/gestacare/constants/colors.ts' differs from already included file name 'C:/Users/Elcin Erdemir/Desktop/KOAH/gestacare/constants/Colors.ts' only in casing.
  The file is in the program because:
    Matched by include pattern '**/*.ts' in 'C:/Users/Elcin Erdemir/Desktop/KOAH/gestacare/tsconfig.json'
    Imported via './colors' from file 'C:/Users/Elcin Erdemir/Desktop/KOAH/gestacare/constants/theme.ts'
    Imported via '../constants/colors' from file 'C:/Users/Elcin Erdemir/Desktop/KOAH/gestacare/app/_layout.tsx'
    Imported via '../../constants/colors' from file 'C:/Users/Elcin Erdemir/Desktop/KOAH/gestacare/app/(auth)/login.tsx'
    Imported via '../../constants/colors' from file 'C:/Users/Elcin Erdemir/Desktop/KOAH/gestacare/components/ui/Input.tsx'
    Imported via '../../constants/colors' from file 'C:/Users/Elcin Erdemir/Desktop/KOAH/gestacare/components/ui/Button.tsx'
    Imported via '../../constants/colors' from file 'C:/Users/Elcin Erdemir/Desktop/KOAH/gestacare/components/ui/Card.tsx'
    Imported via '../../constants/colors' from file 'C:/Users/Elcin Erdemir/Desktop/KOAH/gestacare/app/(tabs)/_layout.tsx'
    Imported via '../../constants/colors' from file 'C:/Users/Elcin Erdemir/Desktop/KOAH/gestacare/app/(tabs)/forms.tsx'
    Imported via '../../constants/colors' from file 'C:/Users/Elcin Erdemir/Desktop/KOAH/gestacare/app/(tabs)/goals.tsx'
    Imported via '../../constants/colors' from file 'C:/Users/Elcin Erdemir/Desktop/KOAH/gestacare/app/(tabs)/index.tsx'
    Imported via '../../constants/colors' from file 'C:/Users/Elcin Erdemir/Desktop/KOAH/gestacare/app/(tabs)/notifications.tsx'
    Imported via '../../constants/colors' from file 'C:/Users/Elcin Erdemir/Desktop/KOAH/gestacare/app/(tabs)/profile.tsx'
    Imported via '../../constants/colors' from file 'C:/Users/Elcin Erdemir/Desktop/KOAH/gestacare/app/activities/add.tsx'
    Imported via '../../constants/colors' from file 'C:/Users/Elcin Erdemir/Desktop/KOAH/gestacare/app/activities/index.tsx'
    Imported via '../../constants/colors' from file 'C:/Users/Elcin Erdemir/Desktop/KOAH/gestacare/components/ui/Badge.tsx'
    Imported via '../../constants/colors' from file 'C:/Users/Elcin Erdemir/Desktop/KOAH/gestacare/components/shared/EmptyState.tsx'
    Imported via '../../constants/colors' from file 'C:/Users/Elcin Erdemir/Desktop/KOAH/gestacare/app/blood-sugar/add.tsx'
    Imported via '../../constants/colors' from file 'C:/Users/Elcin Erdemir/Desktop/KOAH/gestacare/components/ui/Modal.tsx'
    Imported via '../../constants/colors' from file 'C:/Users/Elcin Erdemir/Desktop/KOAH/gestacare/components/shared/WarningModal.tsx'
    Imported via '../../constants/colors' from file 'C:/Users/Elcin Erdemir/Desktop/KOAH/gestacare/app/blood-sugar/index.tsx'
    Imported via '../../constants/colors' from file 'C:/Users/Elcin Erdemir/Desktop/KOAH/gestacare/app/education/index.tsx'
    Imported via '../../constants/colors' from file 'C:/Users/Elcin Erdemir/Desktop/KOAH/gestacare/app/faq/index.tsx'
    Imported via '../../constants/colors' from file 'C:/Users/Elcin Erdemir/Desktop/KOAH/gestacare/app/nutrition/add.tsx'
    Imported via '../../constants/colors' from file 'C:/Users/Elcin Erdemir/Desktop/KOAH/gestacare/components/ui/ProgressBar.tsx'
    Imported via '../../constants/colors' from file 'C:/Users/Elcin Erdemir/Desktop/KOAH/gestacare/app/nutrition/index.tsx'
    Imported via '../../constants/colors' from file 'C:/Users/Elcin Erdemir/Desktop/KOAH/gestacare/app/survey/index.tsx'
    Imported via '../../constants/colors' from file 'C:/Users/Elcin Erdemir/Desktop/KOAH/gestacare/components/shared/LoadingSpinner.tsx'
constants/theme.ts(1,24): error TS1149: File name 'C:/Users/Elcin Erdemir/Desktop/KOAH/gestacare/constants/colors.ts' differs from already included file name 'C:/Users/Elcin Erdemir/Desktop/KOAH/gestacare/constants/Colors.ts' only in casing.
  The file is in the program because:
    Matched by include pattern '**/*.ts' in 'C:/Users/Elcin Erdemir/Desktop/KOAH/gestacare/tsconfig.json'
    Imported via './colors' from file 'C:/Users/Elcin Erdemir/Desktop/KOAH/gestacare/constants/theme.ts'
    Imported via '../constants/colors' from file 'C:/Users/Elcin Erdemir/Desktop/KOAH/gestacare/app/_layout.tsx'
    Imported via '../../constants/colors' from file 'C:/Users/Elcin Erdemir/Desktop/KOAH/gestacare/app/(auth)/login.tsx'
    Imported via '../../constants/colors' from file 'C:/Users/Elcin Erdemir/Desktop/KOAH/gestacare/components/ui/Input.tsx'
    Imported via '../../constants/colors' from file 'C:/Users/Elcin Erdemir/Desktop/KOAH/gestacare/components/ui/Button.tsx'
    Imported via '../../constants/colors' from file 'C:/Users/Elcin Erdemir/Desktop/KOAH/gestacare/components/ui/Card.tsx'
    Imported via '../../constants/colors' from file 'C:/Users/Elcin Erdemir/Desktop/KOAH/gestacare/app/(tabs)/_layout.tsx'
    Imported via '../../constants/colors' from file 'C:/Users/Elcin Erdemir/Desktop/KOAH/gestacare/app/(tabs)/forms.tsx'
    Imported via '../../constants/colors' from file 'C:/Users/Elcin Erdemir/Desktop/KOAH/gestacare/app/(tabs)/goals.tsx'
    Imported via '../../constants/colors' from file 'C:/Users/Elcin Erdemir/Desktop/KOAH/gestacare/app/(tabs)/index.tsx'
    Imported via '../../constants/colors' from file 'C:/Users/Elcin Erdemir/Desktop/KOAH/gestacare/app/(tabs)/notifications.tsx'
    Imported via '../../constants/colors' from file 'C:/Users/Elcin Erdemir/Desktop/KOAH/gestacare/app/(tabs)/profile.tsx'
    Imported via '../../constants/colors' from file 'C:/Users/Elcin Erdemir/Desktop/KOAH/gestacare/app/activities/add.tsx'
    Imported via '../../constants/colors' from file 'C:/Users/Elcin Erdemir/Desktop/KOAH/gestacare/app/activities/index.tsx'
    Imported via '../../constants/colors' from file 'C:/Users/Elcin Erdemir/Desktop/KOAH/gestacare/components/ui/Badge.tsx'
    Imported via '../../constants/colors' from file 'C:/Users/Elcin Erdemir/Desktop/KOAH/gestacare/components/shared/EmptyState.tsx'
    Imported via '../../constants/colors' from file 'C:/Users/Elcin Erdemir/Desktop/KOAH/gestacare/app/blood-sugar/add.tsx'
    Imported via '../../constants/colors' from file 'C:/Users/Elcin Erdemir/Desktop/KOAH/gestacare/components/ui/Modal.tsx'
    Imported via '../../constants/colors' from file 'C:/Users/Elcin Erdemir/Desktop/KOAH/gestacare/components/shared/WarningModal.tsx'
    Imported via '../../constants/colors' from file 'C:/Users/Elcin Erdemir/Desktop/KOAH/gestacare/app/blood-sugar/index.tsx'
    Imported via '../../constants/colors' from file 'C:/Users/Elcin Erdemir/Desktop/KOAH/gestacare/app/education/index.tsx'
    Imported via '../../constants/colors' from file 'C:/Users/Elcin Erdemir/Desktop/KOAH/gestacare/app/faq/index.tsx'
    Imported via '../../constants/colors' from file 'C:/Users/Elcin Erdemir/Desktop/KOAH/gestacare/app/nutrition/add.tsx'
    Imported via '../../constants/colors' from file 'C:/Users/Elcin Erdemir/Desktop/KOAH/gestacare/components/ui/ProgressBar.tsx'
    Imported via '../../constants/colors' from file 'C:/Users/Elcin Erdemir/Desktop/KOAH/gestacare/app/nutrition/index.tsx'
    Imported via '../../constants/colors' from file 'C:/Users/Elcin Erdemir/Desktop/KOAH/gestacare/app/survey/index.tsx'
    Imported via '../../constants/colors' from file 'C:/Users/Elcin Erdemir/Desktop/KOAH/gestacare/components/shared/LoadingSpinner.tsx'
